Archive member included to satisfy reference by file (symbol)

../ti//libdriver.a(gpio.o)    verify.o (GPIOIntEnable)
../ti//libdriver.a(interrupt.o)
                              ../ti//libdriver.a(gpio.o) (IntRegister)
../ti//libdriver.a(uart.o)    verify.o (UARTClockSourceSet)
../ti//libdriver.a(cpu.o)     ../ti//libdriver.a(interrupt.o) (CPUcpsid)
/usr/local/share/arm-gnu-toolchain-13.3.rel1-darwin-x86_64-arm-none-eabi/bin/../lib/gcc/arm-none-eabi/13.3.1/../../../../arm-none-eabi/lib/thumb/v7e-m+fp/hard/libc_nano.a(libc_a-exit.o)
                              /usr/local/share/arm-gnu-toolchain-13.3.rel1-darwin-x86_64-arm-none-eabi/bin/../lib/gcc/arm-none-eabi/13.3.1/../../../../arm-none-eabi/lib/thumb/v7e-m+fp/hard/crt0.o (exit)
/usr/local/share/arm-gnu-toolchain-13.3.rel1-darwin-x86_64-arm-none-eabi/bin/../lib/gcc/arm-none-eabi/13.3.1/../../../../arm-none-eabi/lib/thumb/v7e-m+fp/hard/libc_nano.a(libc_a-findfp.o)
                              /usr/local/share/arm-gnu-toolchain-13.3.rel1-darwin-x86_64-arm-none-eabi/bin/../lib/gcc/arm-none-eabi/13.3.1/../../../../arm-none-eabi/lib/thumb/v7e-m+fp/hard/libc_nano.a(libc_a-exit.o) (__stdio_exit_handler)
/usr/local/share/arm-gnu-toolchain-13.3.rel1-darwin-x86_64-arm-none-eabi/bin/../lib/gcc/arm-none-eabi/13.3.1/../../../../arm-none-eabi/lib/thumb/v7e-m+fp/hard/libc_nano.a(libc_a-fwalk.o)
                              /usr/local/share/arm-gnu-toolchain-13.3.rel1-darwin-x86_64-arm-none-eabi/bin/../lib/gcc/arm-none-eabi/13.3.1/../../../../arm-none-eabi/lib/thumb/v7e-m+fp/hard/libc_nano.a(libc_a-findfp.o) (_fwalk_sglue)
/usr/local/share/arm-gnu-toolchain-13.3.rel1-darwin-x86_64-arm-none-eabi/bin/../lib/gcc/arm-none-eabi/13.3.1/../../../../arm-none-eabi/lib/thumb/v7e-m+fp/hard/libc_nano.a(libc_a-memset.o)
                              /usr/local/share/arm-gnu-toolchain-13.3.rel1-darwin-x86_64-arm-none-eabi/bin/../lib/gcc/arm-none-eabi/13.3.1/../../../../arm-none-eabi/lib/thumb/v7e-m+fp/hard/crt0.o (memset)
/usr/local/share/arm-gnu-toolchain-13.3.rel1-darwin-x86_64-arm-none-eabi/bin/../lib/gcc/arm-none-eabi/13.3.1/../../../../arm-none-eabi/lib/thumb/v7e-m+fp/hard/libc_nano.a(libc_a-init.o)
                              /usr/local/share/arm-gnu-toolchain-13.3.rel1-darwin-x86_64-arm-none-eabi/bin/../lib/gcc/arm-none-eabi/13.3.1/../../../../arm-none-eabi/lib/thumb/v7e-m+fp/hard/crt0.o (__libc_init_array)
/usr/local/share/arm-gnu-toolchain-13.3.rel1-darwin-x86_64-arm-none-eabi/bin/../lib/gcc/arm-none-eabi/13.3.1/../../../../arm-none-eabi/lib/thumb/v7e-m+fp/hard/libc_nano.a(libc_a-lock.o)
                              /usr/local/share/arm-gnu-toolchain-13.3.rel1-darwin-x86_64-arm-none-eabi/bin/../lib/gcc/arm-none-eabi/13.3.1/../../../../arm-none-eabi/lib/thumb/v7e-m+fp/hard/libc_nano.a(libc_a-findfp.o) (__retarget_lock_init_recursive)
/usr/local/share/arm-gnu-toolchain-13.3.rel1-darwin-x86_64-arm-none-eabi/bin/../lib/gcc/arm-none-eabi/13.3.1/../../../../arm-none-eabi/lib/thumb/v7e-m+fp/hard/libc_nano.a(libc_a-impure.o)
                              /usr/local/share/arm-gnu-toolchain-13.3.rel1-darwin-x86_64-arm-none-eabi/bin/../lib/gcc/arm-none-eabi/13.3.1/../../../../arm-none-eabi/lib/thumb/v7e-m+fp/hard/libc_nano.a(libc_a-findfp.o) (_impure_data)
/usr/local/share/arm-gnu-toolchain-13.3.rel1-darwin-x86_64-arm-none-eabi/bin/../lib/gcc/arm-none-eabi/13.3.1/../../../../arm-none-eabi/lib/thumb/v7e-m+fp/hard/libc_nano.a(libc_a-mallocr.o)
                              /usr/local/share/arm-gnu-toolchain-13.3.rel1-darwin-x86_64-arm-none-eabi/bin/../lib/gcc/arm-none-eabi/13.3.1/../../../../arm-none-eabi/lib/thumb/v7e-m+fp/hard/libc_nano.a(libc_a-findfp.o) (_malloc_r)
/usr/local/share/arm-gnu-toolchain-13.3.rel1-darwin-x86_64-arm-none-eabi/bin/../lib/gcc/arm-none-eabi/13.3.1/../../../../arm-none-eabi/lib/thumb/v7e-m+fp/hard/libc_nano.a(libc_a-fflush.o)
                              /usr/local/share/arm-gnu-toolchain-13.3.rel1-darwin-x86_64-arm-none-eabi/bin/../lib/gcc/arm-none-eabi/13.3.1/../../../../arm-none-eabi/lib/thumb/v7e-m+fp/hard/libc_nano.a(libc_a-findfp.o) (_fflush_r)
/usr/local/share/arm-gnu-toolchain-13.3.rel1-darwin-x86_64-arm-none-eabi/bin/../lib/gcc/arm-none-eabi/13.3.1/../../../../arm-none-eabi/lib/thumb/v7e-m+fp/hard/libc_nano.a(libc_a-mlock.o)
                              /usr/local/share/arm-gnu-toolchain-13.3.rel1-darwin-x86_64-arm-none-eabi/bin/../lib/gcc/arm-none-eabi/13.3.1/../../../../arm-none-eabi/lib/thumb/v7e-m+fp/hard/libc_nano.a(libc_a-mallocr.o) (__malloc_lock)
/usr/local/share/arm-gnu-toolchain-13.3.rel1-darwin-x86_64-arm-none-eabi/bin/../lib/gcc/arm-none-eabi/13.3.1/../../../../arm-none-eabi/lib/thumb/v7e-m+fp/hard/libc_nano.a(libc_a-stdio.o)
                              /usr/local/share/arm-gnu-toolchain-13.3.rel1-darwin-x86_64-arm-none-eabi/bin/../lib/gcc/arm-none-eabi/13.3.1/../../../../arm-none-eabi/lib/thumb/v7e-m+fp/hard/libc_nano.a(libc_a-findfp.o) (__sread)
/usr/local/share/arm-gnu-toolchain-13.3.rel1-darwin-x86_64-arm-none-eabi/bin/../lib/gcc/arm-none-eabi/13.3.1/../../../../arm-none-eabi/lib/thumb/v7e-m+fp/hard/libc_nano.a(libc_a-lseekr.o)
                              /usr/local/share/arm-gnu-toolchain-13.3.rel1-darwin-x86_64-arm-none-eabi/bin/../lib/gcc/arm-none-eabi/13.3.1/../../../../arm-none-eabi/lib/thumb/v7e-m+fp/hard/libc_nano.a(libc_a-stdio.o) (_lseek_r)
/usr/local/share/arm-gnu-toolchain-13.3.rel1-darwin-x86_64-arm-none-eabi/bin/../lib/gcc/arm-none-eabi/13.3.1/../../../../arm-none-eabi/lib/thumb/v7e-m+fp/hard/libc_nano.a(libc_a-readr.o)
                              /usr/local/share/arm-gnu-toolchain-13.3.rel1-darwin-x86_64-arm-none-eabi/bin/../lib/gcc/arm-none-eabi/13.3.1/../../../../arm-none-eabi/lib/thumb/v7e-m+fp/hard/libc_nano.a(libc_a-stdio.o) (_read_r)
/usr/local/share/arm-gnu-toolchain-13.3.rel1-darwin-x86_64-arm-none-eabi/bin/../lib/gcc/arm-none-eabi/13.3.1/../../../../arm-none-eabi/lib/thumb/v7e-m+fp/hard/libc_nano.a(libc_a-sbrkr.o)
                              /usr/local/share/arm-gnu-toolchain-13.3.rel1-darwin-x86_64-arm-none-eabi/bin/../lib/gcc/arm-none-eabi/13.3.1/../../../../arm-none-eabi/lib/thumb/v7e-m+fp/hard/libc_nano.a(libc_a-mallocr.o) (_sbrk_r)
/usr/local/share/arm-gnu-toolchain-13.3.rel1-darwin-x86_64-arm-none-eabi/bin/../lib/gcc/arm-none-eabi/13.3.1/../../../../arm-none-eabi/lib/thumb/v7e-m+fp/hard/libc_nano.a(libc_a-writer.o)
                              /usr/local/share/arm-gnu-toolchain-13.3.rel1-darwin-x86_64-arm-none-eabi/bin/../lib/gcc/arm-none-eabi/13.3.1/../../../../arm-none-eabi/lib/thumb/v7e-m+fp/hard/libc_nano.a(libc_a-stdio.o) (_write_r)
/usr/local/share/arm-gnu-toolchain-13.3.rel1-darwin-x86_64-arm-none-eabi/bin/../lib/gcc/arm-none-eabi/13.3.1/../../../../arm-none-eabi/lib/thumb/v7e-m+fp/hard/libc_nano.a(libc_a-closer.o)
                              /usr/local/share/arm-gnu-toolchain-13.3.rel1-darwin-x86_64-arm-none-eabi/bin/../lib/gcc/arm-none-eabi/13.3.1/../../../../arm-none-eabi/lib/thumb/v7e-m+fp/hard/libc_nano.a(libc_a-stdio.o) (_close_r)
/usr/local/share/arm-gnu-toolchain-13.3.rel1-darwin-x86_64-arm-none-eabi/bin/../lib/gcc/arm-none-eabi/13.3.1/../../../../arm-none-eabi/lib/thumb/v7e-m+fp/hard/libc_nano.a(libc_a-reent.o)
                              /usr/local/share/arm-gnu-toolchain-13.3.rel1-darwin-x86_64-arm-none-eabi/bin/../lib/gcc/arm-none-eabi/13.3.1/../../../../arm-none-eabi/lib/thumb/v7e-m+fp/hard/libc_nano.a(libc_a-lseekr.o) (errno)
/usr/local/share/arm-gnu-toolchain-13.3.rel1-darwin-x86_64-arm-none-eabi/bin/../lib/gcc/arm-none-eabi/13.3.1/../../../../arm-none-eabi/lib/thumb/v7e-m+fp/hard/libc_nano.a(libc_a-freer.o)
                              /usr/local/share/arm-gnu-toolchain-13.3.rel1-darwin-x86_64-arm-none-eabi/bin/../lib/gcc/arm-none-eabi/13.3.1/../../../../arm-none-eabi/lib/thumb/v7e-m+fp/hard/libc_nano.a(libc_a-fflush.o) (_free_r)
/usr/local/share/arm-gnu-toolchain-13.3.rel1-darwin-x86_64-arm-none-eabi/bin/../lib/gcc/arm-none-eabi/13.3.1/../../../../arm-none-eabi/lib/thumb/v7e-m+fp/hard/libnosys.a(sbrk.o)
                              /usr/local/share/arm-gnu-toolchain-13.3.rel1-darwin-x86_64-arm-none-eabi/bin/../lib/gcc/arm-none-eabi/13.3.1/../../../../arm-none-eabi/lib/thumb/v7e-m+fp/hard/libc_nano.a(libc_a-sbrkr.o) (_sbrk)
/usr/local/share/arm-gnu-toolchain-13.3.rel1-darwin-x86_64-arm-none-eabi/bin/../lib/gcc/arm-none-eabi/13.3.1/../../../../arm-none-eabi/lib/thumb/v7e-m+fp/hard/libnosys.a(_exit.o)
                              /usr/local/share/arm-gnu-toolchain-13.3.rel1-darwin-x86_64-arm-none-eabi/bin/../lib/gcc/arm-none-eabi/13.3.1/../../../../arm-none-eabi/lib/thumb/v7e-m+fp/hard/libc_nano.a(libc_a-exit.o) (_exit)

Discarded input sections

 .text          0x00000000        0x0 /usr/local/share/arm-gnu-toolchain-13.3.rel1-darwin-x86_64-arm-none-eabi/bin/../lib/gcc/arm-none-eabi/13.3.1/thumb/v7e-m+fp/hard/crti.o
 .data          0x00000000        0x0 /usr/local/share/arm-gnu-toolchain-13.3.rel1-darwin-x86_64-arm-none-eabi/bin/../lib/gcc/arm-none-eabi/13.3.1/thumb/v7e-m+fp/hard/crti.o
 .bss           0x00000000        0x0 /usr/local/share/arm-gnu-toolchain-13.3.rel1-darwin-x86_64-arm-none-eabi/bin/../lib/gcc/arm-none-eabi/13.3.1/thumb/v7e-m+fp/hard/crti.o
 .text          0x00000000        0x0 /usr/local/share/arm-gnu-toolchain-13.3.rel1-darwin-x86_64-arm-none-eabi/bin/../lib/gcc/arm-none-eabi/13.3.1/thumb/v7e-m+fp/hard/crtbegin.o
 .data          0x00000000        0x0 /usr/local/share/arm-gnu-toolchain-13.3.rel1-darwin-x86_64-arm-none-eabi/bin/../lib/gcc/arm-none-eabi/13.3.1/thumb/v7e-m+fp/hard/crtbegin.o
 .bss           0x00000000        0x0 /usr/local/share/arm-gnu-toolchain-13.3.rel1-darwin-x86_64-arm-none-eabi/bin/../lib/gcc/arm-none-eabi/13.3.1/thumb/v7e-m+fp/hard/crtbegin.o
 .rodata.all_implied_fbits
                0x00000000       0x24 /usr/local/share/arm-gnu-toolchain-13.3.rel1-darwin-x86_64-arm-none-eabi/bin/../lib/gcc/arm-none-eabi/13.3.1/thumb/v7e-m+fp/hard/crtbegin.o
 .init_array    0x00000000        0x4 /usr/local/share/arm-gnu-toolchain-13.3.rel1-darwin-x86_64-arm-none-eabi/bin/../lib/gcc/arm-none-eabi/13.3.1/thumb/v7e-m+fp/hard/crtbegin.o
 .fini_array    0x00000000        0x4 /usr/local/share/arm-gnu-toolchain-13.3.rel1-darwin-x86_64-arm-none-eabi/bin/../lib/gcc/arm-none-eabi/13.3.1/thumb/v7e-m+fp/hard/crtbegin.o
 .eh_frame      0x00000000        0x0 /usr/local/share/arm-gnu-toolchain-13.3.rel1-darwin-x86_64-arm-none-eabi/bin/../lib/gcc/arm-none-eabi/13.3.1/thumb/v7e-m+fp/hard/crtbegin.o
 .tm_clone_table
                0x00000000        0x0 /usr/local/share/arm-gnu-toolchain-13.3.rel1-darwin-x86_64-arm-none-eabi/bin/../lib/gcc/arm-none-eabi/13.3.1/thumb/v7e-m+fp/hard/crtbegin.o
 .text.deregister_tm_clones
                0x00000000       0x1c /usr/local/share/arm-gnu-toolchain-13.3.rel1-darwin-x86_64-arm-none-eabi/bin/../lib/gcc/arm-none-eabi/13.3.1/thumb/v7e-m+fp/hard/crtbegin.o
 .text.register_tm_clones
                0x00000000       0x24 /usr/local/share/arm-gnu-toolchain-13.3.rel1-darwin-x86_64-arm-none-eabi/bin/../lib/gcc/arm-none-eabi/13.3.1/thumb/v7e-m+fp/hard/crtbegin.o
 .data.__dso_handle
                0x00000000        0x4 /usr/local/share/arm-gnu-toolchain-13.3.rel1-darwin-x86_64-arm-none-eabi/bin/../lib/gcc/arm-none-eabi/13.3.1/thumb/v7e-m+fp/hard/crtbegin.o
 .text.__do_global_dtors_aux
                0x00000000       0x28 /usr/local/share/arm-gnu-toolchain-13.3.rel1-darwin-x86_64-arm-none-eabi/bin/../lib/gcc/arm-none-eabi/13.3.1/thumb/v7e-m+fp/hard/crtbegin.o
 .text.frame_dummy
                0x00000000       0x24 /usr/local/share/arm-gnu-toolchain-13.3.rel1-darwin-x86_64-arm-none-eabi/bin/../lib/gcc/arm-none-eabi/13.3.1/thumb/v7e-m+fp/hard/crtbegin.o
 .bss.completed.1
                0x00000000        0x1 /usr/local/share/arm-gnu-toolchain-13.3.rel1-darwin-x86_64-arm-none-eabi/bin/../lib/gcc/arm-none-eabi/13.3.1/thumb/v7e-m+fp/hard/crtbegin.o
 .bss.object.0  0x00000000       0x18 /usr/local/share/arm-gnu-toolchain-13.3.rel1-darwin-x86_64-arm-none-eabi/bin/../lib/gcc/arm-none-eabi/13.3.1/thumb/v7e-m+fp/hard/crtbegin.o
 .ARM.attributes
                0x00000000       0x34 /usr/local/share/arm-gnu-toolchain-13.3.rel1-darwin-x86_64-arm-none-eabi/bin/../lib/gcc/arm-none-eabi/13.3.1/thumb/v7e-m+fp/hard/crtbegin.o
 .text          0x00000000       0x7c /usr/local/share/arm-gnu-toolchain-13.3.rel1-darwin-x86_64-arm-none-eabi/bin/../lib/gcc/arm-none-eabi/13.3.1/../../../../arm-none-eabi/lib/thumb/v7e-m+fp/hard/crt0.o
 .data          0x00000000        0x0 /usr/local/share/arm-gnu-toolchain-13.3.rel1-darwin-x86_64-arm-none-eabi/bin/../lib/gcc/arm-none-eabi/13.3.1/../../../../arm-none-eabi/lib/thumb/v7e-m+fp/hard/crt0.o
 .bss           0x00000000        0x0 /usr/local/share/arm-gnu-toolchain-13.3.rel1-darwin-x86_64-arm-none-eabi/bin/../lib/gcc/arm-none-eabi/13.3.1/../../../../arm-none-eabi/lib/thumb/v7e-m+fp/hard/crt0.o
 .ARM.extab     0x00000000        0x0 /usr/local/share/arm-gnu-toolchain-13.3.rel1-darwin-x86_64-arm-none-eabi/bin/../lib/gcc/arm-none-eabi/13.3.1/../../../../arm-none-eabi/lib/thumb/v7e-m+fp/hard/crt0.o
 .ARM.exidx     0x00000000       0x10 /usr/local/share/arm-gnu-toolchain-13.3.rel1-darwin-x86_64-arm-none-eabi/bin/../lib/gcc/arm-none-eabi/13.3.1/../../../../arm-none-eabi/lib/thumb/v7e-m+fp/hard/crt0.o
 .debug_line_str
                0x00000000       0xdf /usr/local/share/arm-gnu-toolchain-13.3.rel1-darwin-x86_64-arm-none-eabi/bin/../lib/gcc/arm-none-eabi/13.3.1/../../../../arm-none-eabi/lib/thumb/v7e-m+fp/hard/crt0.o
 .ARM.attributes
                0x00000000       0x20 /usr/local/share/arm-gnu-toolchain-13.3.rel1-darwin-x86_64-arm-none-eabi/bin/../lib/gcc/arm-none-eabi/13.3.1/../../../../arm-none-eabi/lib/thumb/v7e-m+fp/hard/crt0.o
 .text          0x00000000        0x0 main.o
 .data          0x00000000        0x0 main.o
 .bss           0x00000000        0x0 main.o
 .text          0x00000000        0x0 sequence.o
 .data          0x00000000        0x0 sequence.o
 .bss           0x00000000        0x0 sequence.o
 .text          0x00000000        0x0 startup.o
 .data          0x00000000        0x0 startup.o
 .bss           0x00000000        0x0 startup.o
 .text          0x00000000        0x0 uartstdio.o
 .data          0x00000000        0x0 uartstdio.o
 .bss           0x00000000        0x0 uartstdio.o
 .rodata.g_pcHex
                0x00000000        0x4 uartstdio.o
 .text.UARTgets
                0x00000000       0xf0 uartstdio.o
 .text.UARTgetc
                0x00000000       0x28 uartstdio.o
 .bss.bLastWasCR.0
                0x00000000        0x1 uartstdio.o
 .text          0x00000000        0x0 syscalls.o
 .data          0x00000000        0x0 syscalls.o
 .bss           0x00000000        0x0 syscalls.o
 .text._close   0x00000000       0x18 syscalls.o
 .text._lseek   0x00000000       0x1a syscalls.o
 .text._read    0x00000000       0x1a syscalls.o
 .text._write   0x00000000       0x1a syscalls.o
 .debug_info    0x00000000      0x129 syscalls.o
 .debug_abbrev  0x00000000       0x91 syscalls.o
 .debug_aranges
                0x00000000       0x38 syscalls.o
 .debug_rnglists
                0x00000000       0x25 syscalls.o
 .debug_line    0x00000000       0x8d syscalls.o
 .debug_str     0x00000000      0x140 syscalls.o
 .comment       0x00000000       0x46 syscalls.o
 .debug_frame   0x00000000       0xb0 syscalls.o
 .ARM.attributes
                0x00000000       0x34 syscalls.o
 .text          0x00000000        0x0 verify.o
 .data          0x00000000        0x0 verify.o
 .bss           0x00000000        0x0 verify.o
 .text.ShowStateInfo
                0x00000000        0x2 verify.o
 .text          0x00000000        0x0 ../ti//libdriver.a(gpio.o)
 .data          0x00000000        0x0 ../ti//libdriver.a(gpio.o)
 .bss           0x00000000        0x0 ../ti//libdriver.a(gpio.o)
 .text._GPIOIntNumberGet
                0x00000000       0x48 ../ti//libdriver.a(gpio.o)
 .text.GPIODirModeSet
                0x00000000       0x2e ../ti//libdriver.a(gpio.o)
 .text.GPIODirModeGet
                0x00000000       0x24 ../ti//libdriver.a(gpio.o)
 .text.GPIOIntTypeSet
                0x00000000       0x5a ../ti//libdriver.a(gpio.o)
 .text.GPIOIntTypeGet
                0x00000000       0x4a ../ti//libdriver.a(gpio.o)
 .text.GPIOPadConfigSet
                0x00000000      0x130 ../ti//libdriver.a(gpio.o)
 .text.GPIOPadConfigGet
                0x00000000       0xc4 ../ti//libdriver.a(gpio.o)
 .text.GPIOIntDisable
                0x00000000        0xe ../ti//libdriver.a(gpio.o)
 .text.GPIOIntRegister
                0x00000000       0x1a ../ti//libdriver.a(gpio.o)
 .text.GPIOIntUnregister
                0x00000000       0x16 ../ti//libdriver.a(gpio.o)
 .text.GPIOIntRegisterPin
                0x00000000       0x1e ../ti//libdriver.a(gpio.o)
 .text.GPIOIntUnregisterPin
                0x00000000       0x1a ../ti//libdriver.a(gpio.o)
 .text.GPIOPinRead
                0x00000000        0x6 ../ti//libdriver.a(gpio.o)
 .text.GPIOPinWrite
                0x00000000        0x6 ../ti//libdriver.a(gpio.o)
 .text.GPIOPinTypeADC
                0x00000000       0x1c ../ti//libdriver.a(gpio.o)
 .text.GPIOPinTypeCAN
                0x00000000       0x1c ../ti//libdriver.a(gpio.o)
 .text.GPIOPinTypeComparator
                0x00000000       0x1c ../ti//libdriver.a(gpio.o)
 .text.GPIOPinTypeComparatorOutput
                0x00000000       0x1c ../ti//libdriver.a(gpio.o)
 .text.GPIOPinTypeDIVSCLK
                0x00000000       0x1c ../ti//libdriver.a(gpio.o)
 .text.GPIOPinTypeEPI
                0x00000000       0x1c ../ti//libdriver.a(gpio.o)
 .text.GPIOPinTypeEthernetLED
                0x00000000       0x1c ../ti//libdriver.a(gpio.o)
 .text.GPIOPinTypeEthernetMII
                0x00000000       0x1c ../ti//libdriver.a(gpio.o)
 .text.GPIOPinTypeGPIOInput
                0x00000000       0x1c ../ti//libdriver.a(gpio.o)
 .text.GPIOPinTypeGPIOOutput
                0x00000000       0x1c ../ti//libdriver.a(gpio.o)
 .text.GPIOPinTypeGPIOOutputOD
                0x00000000       0x1c ../ti//libdriver.a(gpio.o)
 .text.GPIOPinTypeHibernateRTCCLK
                0x00000000       0x1c ../ti//libdriver.a(gpio.o)
 .text.GPIOPinTypeI2C
                0x00000000       0x1c ../ti//libdriver.a(gpio.o)
 .text.GPIOPinTypeI2CSCL
                0x00000000       0x1c ../ti//libdriver.a(gpio.o)
 .text.GPIOPinTypeLCD
                0x00000000       0x1c ../ti//libdriver.a(gpio.o)
 .text.GPIOPinTypeOneWire
                0x00000000       0x1c ../ti//libdriver.a(gpio.o)
 .text.GPIOPinTypePWM
                0x00000000       0x1c ../ti//libdriver.a(gpio.o)
 .text.GPIOPinTypeQEI
                0x00000000       0x1c ../ti//libdriver.a(gpio.o)
 .text.GPIOPinTypeSSI
                0x00000000       0x1c ../ti//libdriver.a(gpio.o)
 .text.GPIOPinTypeTimer
                0x00000000       0x1c ../ti//libdriver.a(gpio.o)
 .text.GPIOPinTypeTrace
                0x00000000       0x1c ../ti//libdriver.a(gpio.o)
 .text.GPIOPinTypeUART
                0x00000000       0x1c ../ti//libdriver.a(gpio.o)
 .text.GPIOPinTypeUSBAnalog
                0x00000000       0x1c ../ti//libdriver.a(gpio.o)
 .text.GPIOPinTypeUSBDigital
                0x00000000       0x1c ../ti//libdriver.a(gpio.o)
 .text.GPIOPinTypeWakeHigh
                0x00000000       0x1e ../ti//libdriver.a(gpio.o)
 .text.GPIOPinTypeWakeLow
                0x00000000       0x1e ../ti//libdriver.a(gpio.o)
 .text.GPIOPinWakeStatus
                0x00000000        0x6 ../ti//libdriver.a(gpio.o)
 .text.GPIOPinConfigure
                0x00000000       0x4c ../ti//libdriver.a(gpio.o)
 .text.GPIODMATriggerEnable
                0x00000000        0xc ../ti//libdriver.a(gpio.o)
 .text.GPIODMATriggerDisable
                0x00000000        0xe ../ti//libdriver.a(gpio.o)
 .text.GPIOADCTriggerEnable
                0x00000000        0xc ../ti//libdriver.a(gpio.o)
 .text.GPIOADCTriggerDisable
                0x00000000        0xe ../ti//libdriver.a(gpio.o)
 .rodata.g_ppui32GPIOIntMapSnowflake
                0x00000000       0xd8 ../ti//libdriver.a(gpio.o)
 .rodata.g_pui32GPIOBaseAddrs
                0x00000000       0x90 ../ti//libdriver.a(gpio.o)
 .rodata.g_ppui32GPIOIntMapBlizzard
                0x00000000       0xc0 ../ti//libdriver.a(gpio.o)
 .text          0x00000000        0x0 ../ti//libdriver.a(interrupt.o)
 .data          0x00000000        0x0 ../ti//libdriver.a(interrupt.o)
 .bss           0x00000000        0x0 ../ti//libdriver.a(interrupt.o)
 .text._IntDefaultHandler
                0x00000000        0x2 ../ti//libdriver.a(interrupt.o)
 .text.IntMasterEnable
                0x00000000        0xe ../ti//libdriver.a(interrupt.o)
 .text.IntMasterDisable
                0x00000000        0xe ../ti//libdriver.a(interrupt.o)
 .text.IntRegister
                0x00000000       0x34 ../ti//libdriver.a(interrupt.o)
 .text.IntUnregister
                0x00000000       0x14 ../ti//libdriver.a(interrupt.o)
 .text.IntPriorityGroupingSet
                0x00000000       0x1c ../ti//libdriver.a(interrupt.o)
 .text.IntPriorityGroupingGet
                0x00000000       0x24 ../ti//libdriver.a(interrupt.o)
 .text.IntPrioritySet
                0x00000000       0x2c ../ti//libdriver.a(interrupt.o)
 .text.IntPriorityGet
                0x00000000       0x1c ../ti//libdriver.a(interrupt.o)
 .text.IntEnable
                0x00000000       0x60 ../ti//libdriver.a(interrupt.o)
 .text.IntDisable
                0x00000000       0x60 ../ti//libdriver.a(interrupt.o)
 .text.IntIsEnabled
                0x00000000       0x64 ../ti//libdriver.a(interrupt.o)
 .text.IntPendSet
                0x00000000       0x50 ../ti//libdriver.a(interrupt.o)
 .text.IntPendClear
                0x00000000       0x40 ../ti//libdriver.a(interrupt.o)
 .text.IntPriorityMaskSet
                0x00000000        0x4 ../ti//libdriver.a(interrupt.o)
 .text.IntPriorityMaskGet
                0x00000000        0x4 ../ti//libdriver.a(interrupt.o)
 .text.IntTrigger
                0x00000000        0xc ../ti//libdriver.a(interrupt.o)
 .rodata.g_pui32Priority
                0x00000000       0x20 ../ti//libdriver.a(interrupt.o)
 .rodata.g_pui32Dii16Regs
                0x00000000       0x14 ../ti//libdriver.a(interrupt.o)
 .rodata.g_pui32PendRegs
                0x00000000       0x14 ../ti//libdriver.a(interrupt.o)
 vtable         0x00000000      0x400 ../ti//libdriver.a(interrupt.o)
 .rodata.g_pui32Regs
                0x00000000       0x9c ../ti//libdriver.a(interrupt.o)
 .rodata.g_pui32EnRegs
                0x00000000       0x14 ../ti//libdriver.a(interrupt.o)
 .rodata.g_pui32UnpendRegs
                0x00000000       0x14 ../ti//libdriver.a(interrupt.o)
 .comment       0x00000000       0x71 ../ti//libdriver.a(interrupt.o)
 .ARM.attributes
                0x00000000       0x3b ../ti//libdriver.a(interrupt.o)
 .text          0x00000000        0x0 ../ti//libdriver.a(uart.o)
 .data          0x00000000        0x0 ../ti//libdriver.a(uart.o)
 .bss           0x00000000        0x0 ../ti//libdriver.a(uart.o)
 .text._UARTIntNumberGet
                0x00000000       0x44 ../ti//libdriver.a(uart.o)
 .text.UARTParityModeSet
                0x00000000        0xc ../ti//libdriver.a(uart.o)
 .text.UARTParityModeGet
                0x00000000        0x8 ../ti//libdriver.a(uart.o)
 .text.UARTFIFOLevelSet
                0x00000000        0x6 ../ti//libdriver.a(uart.o)
 .text.UARTFIFOLevelGet
                0x00000000       0x10 ../ti//libdriver.a(uart.o)
 .text.UARTConfigGetExpClk
                0x00000000       0x28 ../ti//libdriver.a(uart.o)
 .text.UARTEnable
                0x00000000       0x16 ../ti//libdriver.a(uart.o)
 .text.UARTDisable
                0x00000000       0x1c ../ti//libdriver.a(uart.o)
 .text.UARTConfigSetExpClk
                0x00000000       0x48 ../ti//libdriver.a(uart.o)
 .text.UARTFIFOEnable
                0x00000000        0xa ../ti//libdriver.a(uart.o)
 .text.UARTFIFODisable
                0x00000000        0xa ../ti//libdriver.a(uart.o)
 .text.UARTEnableSIR
                0x00000000       0x12 ../ti//libdriver.a(uart.o)
 .text.UARTDisableSIR
                0x00000000        0xa ../ti//libdriver.a(uart.o)
 .text.UARTSmartCardEnable
                0x00000000       0x16 ../ti//libdriver.a(uart.o)
 .text.UARTSmartCardDisable
                0x00000000        0xa ../ti//libdriver.a(uart.o)
 .text.UARTModemControlSet
                0x00000000        0xc ../ti//libdriver.a(uart.o)
 .text.UARTModemControlClear
                0x00000000        0xe ../ti//libdriver.a(uart.o)
 .text.UARTModemControlGet
                0x00000000        0x8 ../ti//libdriver.a(uart.o)
 .text.UARTModemStatusGet
                0x00000000        0xa ../ti//libdriver.a(uart.o)
 .text.UARTFlowControlSet
                0x00000000        0xc ../ti//libdriver.a(uart.o)
 .text.UARTFlowControlGet
                0x00000000        0x8 ../ti//libdriver.a(uart.o)
 .text.UARTTxIntModeSet
                0x00000000        0xc ../ti//libdriver.a(uart.o)
 .text.UARTTxIntModeGet
                0x00000000        0x8 ../ti//libdriver.a(uart.o)
 .text.UARTCharsAvail
                0x00000000        0xc ../ti//libdriver.a(uart.o)
 .text.UARTSpaceAvail
                0x00000000        0xc ../ti//libdriver.a(uart.o)
 .text.UARTCharGetNonBlocking
                0x00000000        0xe ../ti//libdriver.a(uart.o)
 .text.UARTCharGet
                0x00000000        0xa ../ti//libdriver.a(uart.o)
 .text.UARTCharPutNonBlocking
                0x00000000       0x10 ../ti//libdriver.a(uart.o)
 .text.UARTCharPut
                0x00000000        0xa ../ti//libdriver.a(uart.o)
 .text.UARTBreakCtl
                0x00000000       0x16 ../ti//libdriver.a(uart.o)
 .text.UARTBusy
                0x00000000        0x8 ../ti//libdriver.a(uart.o)
 .text.UARTIntRegister
                0x00000000       0x1a ../ti//libdriver.a(uart.o)
 .text.UARTIntUnregister
                0x00000000       0x16 ../ti//libdriver.a(uart.o)
 .text.UARTIntEnable
                0x00000000        0x8 ../ti//libdriver.a(uart.o)
 .text.UARTIntDisable
                0x00000000        0xa ../ti//libdriver.a(uart.o)
 .text.UARTIntStatus
                0x00000000        0xa ../ti//libdriver.a(uart.o)
 .text.UARTIntClear
                0x00000000        0x4 ../ti//libdriver.a(uart.o)
 .text.UARTDMAEnable
                0x00000000        0x8 ../ti//libdriver.a(uart.o)
 .text.UARTDMADisable
                0x00000000        0xa ../ti//libdriver.a(uart.o)
 .text.UARTRxErrorGet
                0x00000000        0x8 ../ti//libdriver.a(uart.o)
 .text.UARTRxErrorClear
                0x00000000        0x6 ../ti//libdriver.a(uart.o)
 .text.UARTClockSourceGet
                0x00000000        0x6 ../ti//libdriver.a(uart.o)
 .text.UART9BitEnable
                0x00000000        0xe ../ti//libdriver.a(uart.o)
 .text.UART9BitDisable
                0x00000000        0xe ../ti//libdriver.a(uart.o)
 .text.UART9BitAddrSet
                0x00000000        0xa ../ti//libdriver.a(uart.o)
 .text.UART9BitAddrSend
                0x00000000       0x2c ../ti//libdriver.a(uart.o)
 .text.UARTLoopbackEnable
                0x00000000        0xa ../ti//libdriver.a(uart.o)
 .rodata.g_ppui32UARTIntMap
                0x00000000       0x40 ../ti//libdriver.a(uart.o)
 .rodata.g_ppui32UARTIntMapSnowflake
                0x00000000       0x40 ../ti//libdriver.a(uart.o)
 .text          0x00000000        0x0 ../ti//libdriver.a(cpu.o)
 .data          0x00000000        0x0 ../ti//libdriver.a(cpu.o)
 .bss           0x00000000        0x0 ../ti//libdriver.a(cpu.o)
 .text.CPUcpsid
                0x00000000        0x8 ../ti//libdriver.a(cpu.o)
 .text.CPUprimask
                0x00000000        0x6 ../ti//libdriver.a(cpu.o)
 .text.CPUcpsie
                0x00000000        0x8 ../ti//libdriver.a(cpu.o)
 .text.CPUwfi   0x00000000        0x4 ../ti//libdriver.a(cpu.o)
 .text.CPUbasepriSet
                0x00000000        0x6 ../ti//libdriver.a(cpu.o)
 .text.CPUbasepriGet
                0x00000000        0x6 ../ti//libdriver.a(cpu.o)
 .comment       0x00000000       0x71 ../ti//libdriver.a(cpu.o)
 .ARM.attributes
                0x00000000       0x3b ../ti//libdriver.a(cpu.o)
 .text          0x00000000        0x0 /usr/local/share/arm-gnu-toolchain-13.3.rel1-darwin-x86_64-arm-none-eabi/bin/../lib/gcc/arm-none-eabi/13.3.1/../../../../arm-none-eabi/lib/thumb/v7e-m+fp/hard/libc_nano.a(libc_a-exit.o)
 .data          0x00000000        0x0 /usr/local/share/arm-gnu-toolchain-13.3.rel1-darwin-x86_64-arm-none-eabi/bin/../lib/gcc/arm-none-eabi/13.3.1/../../../../arm-none-eabi/lib/thumb/v7e-m+fp/hard/libc_nano.a(libc_a-exit.o)
 .bss           0x00000000        0x0 /usr/local/share/arm-gnu-toolchain-13.3.rel1-darwin-x86_64-arm-none-eabi/bin/../lib/gcc/arm-none-eabi/13.3.1/../../../../arm-none-eabi/lib/thumb/v7e-m+fp/hard/libc_nano.a(libc_a-exit.o)
 .text.exit     0x00000000       0x24 /usr/local/share/arm-gnu-toolchain-13.3.rel1-darwin-x86_64-arm-none-eabi/bin/../lib/gcc/arm-none-eabi/13.3.1/../../../../arm-none-eabi/lib/thumb/v7e-m+fp/hard/libc_nano.a(libc_a-exit.o)
 .debug_frame   0x00000000       0x28 /usr/local/share/arm-gnu-toolchain-13.3.rel1-darwin-x86_64-arm-none-eabi/bin/../lib/gcc/arm-none-eabi/13.3.1/../../../../arm-none-eabi/lib/thumb/v7e-m+fp/hard/libc_nano.a(libc_a-exit.o)
 .ARM.attributes
                0x00000000       0x34 /usr/local/share/arm-gnu-toolchain-13.3.rel1-darwin-x86_64-arm-none-eabi/bin/../lib/gcc/arm-none-eabi/13.3.1/../../../../arm-none-eabi/lib/thumb/v7e-m+fp/hard/libc_nano.a(libc_a-exit.o)
 .text          0x00000000        0x0 /usr/local/share/arm-gnu-toolchain-13.3.rel1-darwin-x86_64-arm-none-eabi/bin/../lib/gcc/arm-none-eabi/13.3.1/../../../../arm-none-eabi/lib/thumb/v7e-m+fp/hard/libc_nano.a(libc_a-findfp.o)
 .data          0x00000000        0x0 /usr/local/share/arm-gnu-toolchain-13.3.rel1-darwin-x86_64-arm-none-eabi/bin/../lib/gcc/arm-none-eabi/13.3.1/../../../../arm-none-eabi/lib/thumb/v7e-m+fp/hard/libc_nano.a(libc_a-findfp.o)
 .bss           0x00000000        0x0 /usr/local/share/arm-gnu-toolchain-13.3.rel1-darwin-x86_64-arm-none-eabi/bin/../lib/gcc/arm-none-eabi/13.3.1/../../../../arm-none-eabi/lib/thumb/v7e-m+fp/hard/libc_nano.a(libc_a-findfp.o)
 .text.std      0x00000000       0x6c /usr/local/share/arm-gnu-toolchain-13.3.rel1-darwin-x86_64-arm-none-eabi/bin/../lib/gcc/arm-none-eabi/13.3.1/../../../../arm-none-eabi/lib/thumb/v7e-m+fp/hard/libc_nano.a(libc_a-findfp.o)
 .text.stdio_exit_handler
                0x00000000       0x18 /usr/local/share/arm-gnu-toolchain-13.3.rel1-darwin-x86_64-arm-none-eabi/bin/../lib/gcc/arm-none-eabi/13.3.1/../../../../arm-none-eabi/lib/thumb/v7e-m+fp/hard/libc_nano.a(libc_a-findfp.o)
 .text.cleanup_stdio
                0x00000000       0x40 /usr/local/share/arm-gnu-toolchain-13.3.rel1-darwin-x86_64-arm-none-eabi/bin/../lib/gcc/arm-none-eabi/13.3.1/../../../../arm-none-eabi/lib/thumb/v7e-m+fp/hard/libc_nano.a(libc_a-findfp.o)
 .text.__fp_lock
                0x00000000       0x18 /usr/local/share/arm-gnu-toolchain-13.3.rel1-darwin-x86_64-arm-none-eabi/bin/../lib/gcc/arm-none-eabi/13.3.1/../../../../arm-none-eabi/lib/thumb/v7e-m+fp/hard/libc_nano.a(libc_a-findfp.o)
 .text.__fp_unlock
                0x00000000       0x18 /usr/local/share/arm-gnu-toolchain-13.3.rel1-darwin-x86_64-arm-none-eabi/bin/../lib/gcc/arm-none-eabi/13.3.1/../../../../arm-none-eabi/lib/thumb/v7e-m+fp/hard/libc_nano.a(libc_a-findfp.o)
 .text.global_stdio_init.part.0
                0x00000000       0x3c /usr/local/share/arm-gnu-toolchain-13.3.rel1-darwin-x86_64-arm-none-eabi/bin/../lib/gcc/arm-none-eabi/13.3.1/../../../../arm-none-eabi/lib/thumb/v7e-m+fp/hard/libc_nano.a(libc_a-findfp.o)
 .text.__sfp_lock_acquire
                0x00000000        0xc /usr/local/share/arm-gnu-toolchain-13.3.rel1-darwin-x86_64-arm-none-eabi/bin/../lib/gcc/arm-none-eabi/13.3.1/../../../../arm-none-eabi/lib/thumb/v7e-m+fp/hard/libc_nano.a(libc_a-findfp.o)
 .text.__sfp_lock_release
                0x00000000        0xc /usr/local/share/arm-gnu-toolchain-13.3.rel1-darwin-x86_64-arm-none-eabi/bin/../lib/gcc/arm-none-eabi/13.3.1/../../../../arm-none-eabi/lib/thumb/v7e-m+fp/hard/libc_nano.a(libc_a-findfp.o)
 .text.__sfp    0x00000000       0xa4 /usr/local/share/arm-gnu-toolchain-13.3.rel1-darwin-x86_64-arm-none-eabi/bin/../lib/gcc/arm-none-eabi/13.3.1/../../../../arm-none-eabi/lib/thumb/v7e-m+fp/hard/libc_nano.a(libc_a-findfp.o)
 .text.__sinit  0x00000000       0x30 /usr/local/share/arm-gnu-toolchain-13.3.rel1-darwin-x86_64-arm-none-eabi/bin/../lib/gcc/arm-none-eabi/13.3.1/../../../../arm-none-eabi/lib/thumb/v7e-m+fp/hard/libc_nano.a(libc_a-findfp.o)
 .text.__fp_lock_all
                0x00000000       0x1c /usr/local/share/arm-gnu-toolchain-13.3.rel1-darwin-x86_64-arm-none-eabi/bin/../lib/gcc/arm-none-eabi/13.3.1/../../../../arm-none-eabi/lib/thumb/v7e-m+fp/hard/libc_nano.a(libc_a-findfp.o)
 .text.__fp_unlock_all
                0x00000000       0x1c /usr/local/share/arm-gnu-toolchain-13.3.rel1-darwin-x86_64-arm-none-eabi/bin/../lib/gcc/arm-none-eabi/13.3.1/../../../../arm-none-eabi/lib/thumb/v7e-m+fp/hard/libc_nano.a(libc_a-findfp.o)
 .data.__sglue  0x00000000        0xc /usr/local/share/arm-gnu-toolchain-13.3.rel1-darwin-x86_64-arm-none-eabi/bin/../lib/gcc/arm-none-eabi/13.3.1/../../../../arm-none-eabi/lib/thumb/v7e-m+fp/hard/libc_nano.a(libc_a-findfp.o)
 .bss.__sf      0x00000000      0x138 /usr/local/share/arm-gnu-toolchain-13.3.rel1-darwin-x86_64-arm-none-eabi/bin/../lib/gcc/arm-none-eabi/13.3.1/../../../../arm-none-eabi/lib/thumb/v7e-m+fp/hard/libc_nano.a(libc_a-findfp.o)
 .bss.__stdio_exit_handler
                0x00000000        0x4 /usr/local/share/arm-gnu-toolchain-13.3.rel1-darwin-x86_64-arm-none-eabi/bin/../lib/gcc/arm-none-eabi/13.3.1/../../../../arm-none-eabi/lib/thumb/v7e-m+fp/hard/libc_nano.a(libc_a-findfp.o)
 .debug_frame   0x00000000      0x144 /usr/local/share/arm-gnu-toolchain-13.3.rel1-darwin-x86_64-arm-none-eabi/bin/../lib/gcc/arm-none-eabi/13.3.1/../../../../arm-none-eabi/lib/thumb/v7e-m+fp/hard/libc_nano.a(libc_a-findfp.o)
 .ARM.attributes
                0x00000000       0x34 /usr/local/share/arm-gnu-toolchain-13.3.rel1-darwin-x86_64-arm-none-eabi/bin/../lib/gcc/arm-none-eabi/13.3.1/../../../../arm-none-eabi/lib/thumb/v7e-m+fp/hard/libc_nano.a(libc_a-findfp.o)
 .text          0x00000000        0x0 /usr/local/share/arm-gnu-toolchain-13.3.rel1-darwin-x86_64-arm-none-eabi/bin/../lib/gcc/arm-none-eabi/13.3.1/../../../../arm-none-eabi/lib/thumb/v7e-m+fp/hard/libc_nano.a(libc_a-fwalk.o)
 .data          0x00000000        0x0 /usr/local/share/arm-gnu-toolchain-13.3.rel1-darwin-x86_64-arm-none-eabi/bin/../lib/gcc/arm-none-eabi/13.3.1/../../../../arm-none-eabi/lib/thumb/v7e-m+fp/hard/libc_nano.a(libc_a-fwalk.o)
 .bss           0x00000000        0x0 /usr/local/share/arm-gnu-toolchain-13.3.rel1-darwin-x86_64-arm-none-eabi/bin/../lib/gcc/arm-none-eabi/13.3.1/../../../../arm-none-eabi/lib/thumb/v7e-m+fp/hard/libc_nano.a(libc_a-fwalk.o)
 .text._fwalk_sglue
                0x00000000       0x3c /usr/local/share/arm-gnu-toolchain-13.3.rel1-darwin-x86_64-arm-none-eabi/bin/../lib/gcc/arm-none-eabi/13.3.1/../../../../arm-none-eabi/lib/thumb/v7e-m+fp/hard/libc_nano.a(libc_a-fwalk.o)
 .debug_frame   0x00000000       0x34 /usr/local/share/arm-gnu-toolchain-13.3.rel1-darwin-x86_64-arm-none-eabi/bin/../lib/gcc/arm-none-eabi/13.3.1/../../../../arm-none-eabi/lib/thumb/v7e-m+fp/hard/libc_nano.a(libc_a-fwalk.o)
 .ARM.attributes
                0x00000000       0x34 /usr/local/share/arm-gnu-toolchain-13.3.rel1-darwin-x86_64-arm-none-eabi/bin/../lib/gcc/arm-none-eabi/13.3.1/../../../../arm-none-eabi/lib/thumb/v7e-m+fp/hard/libc_nano.a(libc_a-fwalk.o)
 .text          0x00000000        0x0 /usr/local/share/arm-gnu-toolchain-13.3.rel1-darwin-x86_64-arm-none-eabi/bin/../lib/gcc/arm-none-eabi/13.3.1/../../../../arm-none-eabi/lib/thumb/v7e-m+fp/hard/libc_nano.a(libc_a-memset.o)
 .data          0x00000000        0x0 /usr/local/share/arm-gnu-toolchain-13.3.rel1-darwin-x86_64-arm-none-eabi/bin/../lib/gcc/arm-none-eabi/13.3.1/../../../../arm-none-eabi/lib/thumb/v7e-m+fp/hard/libc_nano.a(libc_a-memset.o)
 .bss           0x00000000        0x0 /usr/local/share/arm-gnu-toolchain-13.3.rel1-darwin-x86_64-arm-none-eabi/bin/../lib/gcc/arm-none-eabi/13.3.1/../../../../arm-none-eabi/lib/thumb/v7e-m+fp/hard/libc_nano.a(libc_a-memset.o)
 .text.memset   0x00000000       0x10 /usr/local/share/arm-gnu-toolchain-13.3.rel1-darwin-x86_64-arm-none-eabi/bin/../lib/gcc/arm-none-eabi/13.3.1/../../../../arm-none-eabi/lib/thumb/v7e-m+fp/hard/libc_nano.a(libc_a-memset.o)
 .debug_frame   0x00000000       0x20 /usr/local/share/arm-gnu-toolchain-13.3.rel1-darwin-x86_64-arm-none-eabi/bin/../lib/gcc/arm-none-eabi/13.3.1/../../../../arm-none-eabi/lib/thumb/v7e-m+fp/hard/libc_nano.a(libc_a-memset.o)
 .ARM.attributes
                0x00000000       0x34 /usr/local/share/arm-gnu-toolchain-13.3.rel1-darwin-x86_64-arm-none-eabi/bin/../lib/gcc/arm-none-eabi/13.3.1/../../../../arm-none-eabi/lib/thumb/v7e-m+fp/hard/libc_nano.a(libc_a-memset.o)
 .text          0x00000000        0x0 /usr/local/share/arm-gnu-toolchain-13.3.rel1-darwin-x86_64-arm-none-eabi/bin/../lib/gcc/arm-none-eabi/13.3.1/../../../../arm-none-eabi/lib/thumb/v7e-m+fp/hard/libc_nano.a(libc_a-init.o)
 .data          0x00000000        0x0 /usr/local/share/arm-gnu-toolchain-13.3.rel1-darwin-x86_64-arm-none-eabi/bin/../lib/gcc/arm-none-eabi/13.3.1/../../../../arm-none-eabi/lib/thumb/v7e-m+fp/hard/libc_nano.a(libc_a-init.o)
 .bss           0x00000000        0x0 /usr/local/share/arm-gnu-toolchain-13.3.rel1-darwin-x86_64-arm-none-eabi/bin/../lib/gcc/arm-none-eabi/13.3.1/../../../../arm-none-eabi/lib/thumb/v7e-m+fp/hard/libc_nano.a(libc_a-init.o)
 .text.__libc_init_array
                0x00000000       0x48 /usr/local/share/arm-gnu-toolchain-13.3.rel1-darwin-x86_64-arm-none-eabi/bin/../lib/gcc/arm-none-eabi/13.3.1/../../../../arm-none-eabi/lib/thumb/v7e-m+fp/hard/libc_nano.a(libc_a-init.o)
 .debug_frame   0x00000000       0x2c /usr/local/share/arm-gnu-toolchain-13.3.rel1-darwin-x86_64-arm-none-eabi/bin/../lib/gcc/arm-none-eabi/13.3.1/../../../../arm-none-eabi/lib/thumb/v7e-m+fp/hard/libc_nano.a(libc_a-init.o)
 .ARM.attributes
                0x00000000       0x34 /usr/local/share/arm-gnu-toolchain-13.3.rel1-darwin-x86_64-arm-none-eabi/bin/../lib/gcc/arm-none-eabi/13.3.1/../../../../arm-none-eabi/lib/thumb/v7e-m+fp/hard/libc_nano.a(libc_a-init.o)
 .text          0x00000000        0x0 /usr/local/share/arm-gnu-toolchain-13.3.rel1-darwin-x86_64-arm-none-eabi/bin/../lib/gcc/arm-none-eabi/13.3.1/../../../../arm-none-eabi/lib/thumb/v7e-m+fp/hard/libc_nano.a(libc_a-lock.o)
 .data          0x00000000        0x0 /usr/local/share/arm-gnu-toolchain-13.3.rel1-darwin-x86_64-arm-none-eabi/bin/../lib/gcc/arm-none-eabi/13.3.1/../../../../arm-none-eabi/lib/thumb/v7e-m+fp/hard/libc_nano.a(libc_a-lock.o)
 .bss           0x00000000        0x0 /usr/local/share/arm-gnu-toolchain-13.3.rel1-darwin-x86_64-arm-none-eabi/bin/../lib/gcc/arm-none-eabi/13.3.1/../../../../arm-none-eabi/lib/thumb/v7e-m+fp/hard/libc_nano.a(libc_a-lock.o)
 .text.__retarget_lock_init
                0x00000000        0x2 /usr/local/share/arm-gnu-toolchain-13.3.rel1-darwin-x86_64-arm-none-eabi/bin/../lib/gcc/arm-none-eabi/13.3.1/../../../../arm-none-eabi/lib/thumb/v7e-m+fp/hard/libc_nano.a(libc_a-lock.o)
 .text.__retarget_lock_init_recursive
                0x00000000        0x2 /usr/local/share/arm-gnu-toolchain-13.3.rel1-darwin-x86_64-arm-none-eabi/bin/../lib/gcc/arm-none-eabi/13.3.1/../../../../arm-none-eabi/lib/thumb/v7e-m+fp/hard/libc_nano.a(libc_a-lock.o)
 .text.__retarget_lock_close
                0x00000000        0x2 /usr/local/share/arm-gnu-toolchain-13.3.rel1-darwin-x86_64-arm-none-eabi/bin/../lib/gcc/arm-none-eabi/13.3.1/../../../../arm-none-eabi/lib/thumb/v7e-m+fp/hard/libc_nano.a(libc_a-lock.o)
 .text.__retarget_lock_close_recursive
                0x00000000        0x2 /usr/local/share/arm-gnu-toolchain-13.3.rel1-darwin-x86_64-arm-none-eabi/bin/../lib/gcc/arm-none-eabi/13.3.1/../../../../arm-none-eabi/lib/thumb/v7e-m+fp/hard/libc_nano.a(libc_a-lock.o)
 .text.__retarget_lock_acquire
                0x00000000        0x2 /usr/local/share/arm-gnu-toolchain-13.3.rel1-darwin-x86_64-arm-none-eabi/bin/../lib/gcc/arm-none-eabi/13.3.1/../../../../arm-none-eabi/lib/thumb/v7e-m+fp/hard/libc_nano.a(libc_a-lock.o)
 .text.__retarget_lock_acquire_recursive
                0x00000000        0x2 /usr/local/share/arm-gnu-toolchain-13.3.rel1-darwin-x86_64-arm-none-eabi/bin/../lib/gcc/arm-none-eabi/13.3.1/../../../../arm-none-eabi/lib/thumb/v7e-m+fp/hard/libc_nano.a(libc_a-lock.o)
 .text.__retarget_lock_try_acquire
                0x00000000        0x4 /usr/local/share/arm-gnu-toolchain-13.3.rel1-darwin-x86_64-arm-none-eabi/bin/../lib/gcc/arm-none-eabi/13.3.1/../../../../arm-none-eabi/lib/thumb/v7e-m+fp/hard/libc_nano.a(libc_a-lock.o)
 .text.__retarget_lock_try_acquire_recursive
                0x00000000        0x4 /usr/local/share/arm-gnu-toolchain-13.3.rel1-darwin-x86_64-arm-none-eabi/bin/../lib/gcc/arm-none-eabi/13.3.1/../../../../arm-none-eabi/lib/thumb/v7e-m+fp/hard/libc_nano.a(libc_a-lock.o)
 .text.__retarget_lock_release
                0x00000000        0x2 /usr/local/share/arm-gnu-toolchain-13.3.rel1-darwin-x86_64-arm-none-eabi/bin/../lib/gcc/arm-none-eabi/13.3.1/../../../../arm-none-eabi/lib/thumb/v7e-m+fp/hard/libc_nano.a(libc_a-lock.o)
 .text.__retarget_lock_release_recursive
                0x00000000        0x2 /usr/local/share/arm-gnu-toolchain-13.3.rel1-darwin-x86_64-arm-none-eabi/bin/../lib/gcc/arm-none-eabi/13.3.1/../../../../arm-none-eabi/lib/thumb/v7e-m+fp/hard/libc_nano.a(libc_a-lock.o)
 .bss.__lock___arc4random_mutex
                0x00000000        0x1 /usr/local/share/arm-gnu-toolchain-13.3.rel1-darwin-x86_64-arm-none-eabi/bin/../lib/gcc/arm-none-eabi/13.3.1/../../../../arm-none-eabi/lib/thumb/v7e-m+fp/hard/libc_nano.a(libc_a-lock.o)
 .bss.__lock___dd_hash_mutex
                0x00000000        0x1 /usr/local/share/arm-gnu-toolchain-13.3.rel1-darwin-x86_64-arm-none-eabi/bin/../lib/gcc/arm-none-eabi/13.3.1/../../../../arm-none-eabi/lib/thumb/v7e-m+fp/hard/libc_nano.a(libc_a-lock.o)
 .bss.__lock___tz_mutex
                0x00000000        0x1 /usr/local/share/arm-gnu-toolchain-13.3.rel1-darwin-x86_64-arm-none-eabi/bin/../lib/gcc/arm-none-eabi/13.3.1/../../../../arm-none-eabi/lib/thumb/v7e-m+fp/hard/libc_nano.a(libc_a-lock.o)
 .bss.__lock___env_recursive_mutex
                0x00000000        0x1 /usr/local/share/arm-gnu-toolchain-13.3.rel1-darwin-x86_64-arm-none-eabi/bin/../lib/gcc/arm-none-eabi/13.3.1/../../../../arm-none-eabi/lib/thumb/v7e-m+fp/hard/libc_nano.a(libc_a-lock.o)
 .bss.__lock___malloc_recursive_mutex
                0x00000000        0x1 /usr/local/share/arm-gnu-toolchain-13.3.rel1-darwin-x86_64-arm-none-eabi/bin/../lib/gcc/arm-none-eabi/13.3.1/../../../../arm-none-eabi/lib/thumb/v7e-m+fp/hard/libc_nano.a(libc_a-lock.o)
 .bss.__lock___at_quick_exit_mutex
                0x00000000        0x1 /usr/local/share/arm-gnu-toolchain-13.3.rel1-darwin-x86_64-arm-none-eabi/bin/../lib/gcc/arm-none-eabi/13.3.1/../../../../arm-none-eabi/lib/thumb/v7e-m+fp/hard/libc_nano.a(libc_a-lock.o)
 .bss.__lock___atexit_recursive_mutex
                0x00000000        0x1 /usr/local/share/arm-gnu-toolchain-13.3.rel1-darwin-x86_64-arm-none-eabi/bin/../lib/gcc/arm-none-eabi/13.3.1/../../../../arm-none-eabi/lib/thumb/v7e-m+fp/hard/libc_nano.a(libc_a-lock.o)
 .bss.__lock___sfp_recursive_mutex
                0x00000000        0x1 /usr/local/share/arm-gnu-toolchain-13.3.rel1-darwin-x86_64-arm-none-eabi/bin/../lib/gcc/arm-none-eabi/13.3.1/../../../../arm-none-eabi/lib/thumb/v7e-m+fp/hard/libc_nano.a(libc_a-lock.o)
 .debug_frame   0x00000000       0xb0 /usr/local/share/arm-gnu-toolchain-13.3.rel1-darwin-x86_64-arm-none-eabi/bin/../lib/gcc/arm-none-eabi/13.3.1/../../../../arm-none-eabi/lib/thumb/v7e-m+fp/hard/libc_nano.a(libc_a-lock.o)
 .ARM.attributes
                0x00000000       0x34 /usr/local/share/arm-gnu-toolchain-13.3.rel1-darwin-x86_64-arm-none-eabi/bin/../lib/gcc/arm-none-eabi/13.3.1/../../../../arm-none-eabi/lib/thumb/v7e-m+fp/hard/libc_nano.a(libc_a-lock.o)
 .text          0x00000000        0x0 /usr/local/share/arm-gnu-toolchain-13.3.rel1-darwin-x86_64-arm-none-eabi/bin/../lib/gcc/arm-none-eabi/13.3.1/../../../../arm-none-eabi/lib/thumb/v7e-m+fp/hard/libc_nano.a(libc_a-impure.o)
 .data          0x00000000        0x0 /usr/local/share/arm-gnu-toolchain-13.3.rel1-darwin-x86_64-arm-none-eabi/bin/../lib/gcc/arm-none-eabi/13.3.1/../../../../arm-none-eabi/lib/thumb/v7e-m+fp/hard/libc_nano.a(libc_a-impure.o)
 .bss           0x00000000        0x0 /usr/local/share/arm-gnu-toolchain-13.3.rel1-darwin-x86_64-arm-none-eabi/bin/../lib/gcc/arm-none-eabi/13.3.1/../../../../arm-none-eabi/lib/thumb/v7e-m+fp/hard/libc_nano.a(libc_a-impure.o)
 .data._impure_ptr
                0x00000000        0x4 /usr/local/share/arm-gnu-toolchain-13.3.rel1-darwin-x86_64-arm-none-eabi/bin/../lib/gcc/arm-none-eabi/13.3.1/../../../../arm-none-eabi/lib/thumb/v7e-m+fp/hard/libc_nano.a(libc_a-impure.o)
 .data._impure_data
                0x00000000       0x4c /usr/local/share/arm-gnu-toolchain-13.3.rel1-darwin-x86_64-arm-none-eabi/bin/../lib/gcc/arm-none-eabi/13.3.1/../../../../arm-none-eabi/lib/thumb/v7e-m+fp/hard/libc_nano.a(libc_a-impure.o)
 .ARM.attributes
                0x00000000       0x34 /usr/local/share/arm-gnu-toolchain-13.3.rel1-darwin-x86_64-arm-none-eabi/bin/../lib/gcc/arm-none-eabi/13.3.1/../../../../arm-none-eabi/lib/thumb/v7e-m+fp/hard/libc_nano.a(libc_a-impure.o)
 .text          0x00000000        0x0 /usr/local/share/arm-gnu-toolchain-13.3.rel1-darwin-x86_64-arm-none-eabi/bin/../lib/gcc/arm-none-eabi/13.3.1/../../../../arm-none-eabi/lib/thumb/v7e-m+fp/hard/libc_nano.a(libc_a-mallocr.o)
 .data          0x00000000        0x0 /usr/local/share/arm-gnu-toolchain-13.3.rel1-darwin-x86_64-arm-none-eabi/bin/../lib/gcc/arm-none-eabi/13.3.1/../../../../arm-none-eabi/lib/thumb/v7e-m+fp/hard/libc_nano.a(libc_a-mallocr.o)
 .bss           0x00000000        0x0 /usr/local/share/arm-gnu-toolchain-13.3.rel1-darwin-x86_64-arm-none-eabi/bin/../lib/gcc/arm-none-eabi/13.3.1/../../../../arm-none-eabi/lib/thumb/v7e-m+fp/hard/libc_nano.a(libc_a-mallocr.o)
 .text.sbrk_aligned
                0x00000000       0x44 /usr/local/share/arm-gnu-toolchain-13.3.rel1-darwin-x86_64-arm-none-eabi/bin/../lib/gcc/arm-none-eabi/13.3.1/../../../../arm-none-eabi/lib/thumb/v7e-m+fp/hard/libc_nano.a(libc_a-mallocr.o)
 .text._malloc_r
                0x00000000      0x100 /usr/local/share/arm-gnu-toolchain-13.3.rel1-darwin-x86_64-arm-none-eabi/bin/../lib/gcc/arm-none-eabi/13.3.1/../../../../arm-none-eabi/lib/thumb/v7e-m+fp/hard/libc_nano.a(libc_a-mallocr.o)
 .bss.__malloc_sbrk_start
                0x00000000        0x4 /usr/local/share/arm-gnu-toolchain-13.3.rel1-darwin-x86_64-arm-none-eabi/bin/../lib/gcc/arm-none-eabi/13.3.1/../../../../arm-none-eabi/lib/thumb/v7e-m+fp/hard/libc_nano.a(libc_a-mallocr.o)
 .bss.__malloc_free_list
                0x00000000        0x4 /usr/local/share/arm-gnu-toolchain-13.3.rel1-darwin-x86_64-arm-none-eabi/bin/../lib/gcc/arm-none-eabi/13.3.1/../../../../arm-none-eabi/lib/thumb/v7e-m+fp/hard/libc_nano.a(libc_a-mallocr.o)
 .debug_frame   0x00000000       0x50 /usr/local/share/arm-gnu-toolchain-13.3.rel1-darwin-x86_64-arm-none-eabi/bin/../lib/gcc/arm-none-eabi/13.3.1/../../../../arm-none-eabi/lib/thumb/v7e-m+fp/hard/libc_nano.a(libc_a-mallocr.o)
 .ARM.attributes
                0x00000000       0x34 /usr/local/share/arm-gnu-toolchain-13.3.rel1-darwin-x86_64-arm-none-eabi/bin/../lib/gcc/arm-none-eabi/13.3.1/../../../../arm-none-eabi/lib/thumb/v7e-m+fp/hard/libc_nano.a(libc_a-mallocr.o)
 .text          0x00000000        0x0 /usr/local/share/arm-gnu-toolchain-13.3.rel1-darwin-x86_64-arm-none-eabi/bin/../lib/gcc/arm-none-eabi/13.3.1/../../../../arm-none-eabi/lib/thumb/v7e-m+fp/hard/libc_nano.a(libc_a-fflush.o)
 .data          0x00000000        0x0 /usr/local/share/arm-gnu-toolchain-13.3.rel1-darwin-x86_64-arm-none-eabi/bin/../lib/gcc/arm-none-eabi/13.3.1/../../../../arm-none-eabi/lib/thumb/v7e-m+fp/hard/libc_nano.a(libc_a-fflush.o)
 .bss           0x00000000        0x0 /usr/local/share/arm-gnu-toolchain-13.3.rel1-darwin-x86_64-arm-none-eabi/bin/../lib/gcc/arm-none-eabi/13.3.1/../../../../arm-none-eabi/lib/thumb/v7e-m+fp/hard/libc_nano.a(libc_a-fflush.o)
 .text.__sflush_r
                0x00000000      0x108 /usr/local/share/arm-gnu-toolchain-13.3.rel1-darwin-x86_64-arm-none-eabi/bin/../lib/gcc/arm-none-eabi/13.3.1/../../../../arm-none-eabi/lib/thumb/v7e-m+fp/hard/libc_nano.a(libc_a-fflush.o)
 .text._fflush_r
                0x00000000       0x50 /usr/local/share/arm-gnu-toolchain-13.3.rel1-darwin-x86_64-arm-none-eabi/bin/../lib/gcc/arm-none-eabi/13.3.1/../../../../arm-none-eabi/lib/thumb/v7e-m+fp/hard/libc_nano.a(libc_a-fflush.o)
 .text.fflush   0x00000000       0x28 /usr/local/share/arm-gnu-toolchain-13.3.rel1-darwin-x86_64-arm-none-eabi/bin/../lib/gcc/arm-none-eabi/13.3.1/../../../../arm-none-eabi/lib/thumb/v7e-m+fp/hard/libc_nano.a(libc_a-fflush.o)
 .debug_frame   0x00000000       0x5c /usr/local/share/arm-gnu-toolchain-13.3.rel1-darwin-x86_64-arm-none-eabi/bin/../lib/gcc/arm-none-eabi/13.3.1/../../../../arm-none-eabi/lib/thumb/v7e-m+fp/hard/libc_nano.a(libc_a-fflush.o)
 .ARM.attributes
                0x00000000       0x34 /usr/local/share/arm-gnu-toolchain-13.3.rel1-darwin-x86_64-arm-none-eabi/bin/../lib/gcc/arm-none-eabi/13.3.1/../../../../arm-none-eabi/lib/thumb/v7e-m+fp/hard/libc_nano.a(libc_a-fflush.o)
 .text          0x00000000        0x0 /usr/local/share/arm-gnu-toolchain-13.3.rel1-darwin-x86_64-arm-none-eabi/bin/../lib/gcc/arm-none-eabi/13.3.1/../../../../arm-none-eabi/lib/thumb/v7e-m+fp/hard/libc_nano.a(libc_a-mlock.o)
 .data          0x00000000        0x0 /usr/local/share/arm-gnu-toolchain-13.3.rel1-darwin-x86_64-arm-none-eabi/bin/../lib/gcc/arm-none-eabi/13.3.1/../../../../arm-none-eabi/lib/thumb/v7e-m+fp/hard/libc_nano.a(libc_a-mlock.o)
 .bss           0x00000000        0x0 /usr/local/share/arm-gnu-toolchain-13.3.rel1-darwin-x86_64-arm-none-eabi/bin/../lib/gcc/arm-none-eabi/13.3.1/../../../../arm-none-eabi/lib/thumb/v7e-m+fp/hard/libc_nano.a(libc_a-mlock.o)
 .text.__malloc_lock
                0x00000000        0xc /usr/local/share/arm-gnu-toolchain-13.3.rel1-darwin-x86_64-arm-none-eabi/bin/../lib/gcc/arm-none-eabi/13.3.1/../../../../arm-none-eabi/lib/thumb/v7e-m+fp/hard/libc_nano.a(libc_a-mlock.o)
 .text.__malloc_unlock
                0x00000000        0xc /usr/local/share/arm-gnu-toolchain-13.3.rel1-darwin-x86_64-arm-none-eabi/bin/../lib/gcc/arm-none-eabi/13.3.1/../../../../arm-none-eabi/lib/thumb/v7e-m+fp/hard/libc_nano.a(libc_a-mlock.o)
 .debug_frame   0x00000000       0x30 /usr/local/share/arm-gnu-toolchain-13.3.rel1-darwin-x86_64-arm-none-eabi/bin/../lib/gcc/arm-none-eabi/13.3.1/../../../../arm-none-eabi/lib/thumb/v7e-m+fp/hard/libc_nano.a(libc_a-mlock.o)
 .ARM.attributes
                0x00000000       0x34 /usr/local/share/arm-gnu-toolchain-13.3.rel1-darwin-x86_64-arm-none-eabi/bin/../lib/gcc/arm-none-eabi/13.3.1/../../../../arm-none-eabi/lib/thumb/v7e-m+fp/hard/libc_nano.a(libc_a-mlock.o)
 .text          0x00000000        0x0 /usr/local/share/arm-gnu-toolchain-13.3.rel1-darwin-x86_64-arm-none-eabi/bin/../lib/gcc/arm-none-eabi/13.3.1/../../../../arm-none-eabi/lib/thumb/v7e-m+fp/hard/libc_nano.a(libc_a-stdio.o)
 .data          0x00000000        0x0 /usr/local/share/arm-gnu-toolchain-13.3.rel1-darwin-x86_64-arm-none-eabi/bin/../lib/gcc/arm-none-eabi/13.3.1/../../../../arm-none-eabi/lib/thumb/v7e-m+fp/hard/libc_nano.a(libc_a-stdio.o)
 .bss           0x00000000        0x0 /usr/local/share/arm-gnu-toolchain-13.3.rel1-darwin-x86_64-arm-none-eabi/bin/../lib/gcc/arm-none-eabi/13.3.1/../../../../arm-none-eabi/lib/thumb/v7e-m+fp/hard/libc_nano.a(libc_a-stdio.o)
 .text.__sread  0x00000000       0x22 /usr/local/share/arm-gnu-toolchain-13.3.rel1-darwin-x86_64-arm-none-eabi/bin/../lib/gcc/arm-none-eabi/13.3.1/../../../../arm-none-eabi/lib/thumb/v7e-m+fp/hard/libc_nano.a(libc_a-stdio.o)
 .text.__seofread
                0x00000000        0x4 /usr/local/share/arm-gnu-toolchain-13.3.rel1-darwin-x86_64-arm-none-eabi/bin/../lib/gcc/arm-none-eabi/13.3.1/../../../../arm-none-eabi/lib/thumb/v7e-m+fp/hard/libc_nano.a(libc_a-stdio.o)
 .text.__swrite
                0x00000000       0x38 /usr/local/share/arm-gnu-toolchain-13.3.rel1-darwin-x86_64-arm-none-eabi/bin/../lib/gcc/arm-none-eabi/13.3.1/../../../../arm-none-eabi/lib/thumb/v7e-m+fp/hard/libc_nano.a(libc_a-stdio.o)
 .text.__sseek  0x00000000       0x24 /usr/local/share/arm-gnu-toolchain-13.3.rel1-darwin-x86_64-arm-none-eabi/bin/../lib/gcc/arm-none-eabi/13.3.1/../../../../arm-none-eabi/lib/thumb/v7e-m+fp/hard/libc_nano.a(libc_a-stdio.o)
 .text.__sclose
                0x00000000        0x8 /usr/local/share/arm-gnu-toolchain-13.3.rel1-darwin-x86_64-arm-none-eabi/bin/../lib/gcc/arm-none-eabi/13.3.1/../../../../arm-none-eabi/lib/thumb/v7e-m+fp/hard/libc_nano.a(libc_a-stdio.o)
 .debug_frame   0x00000000       0x88 /usr/local/share/arm-gnu-toolchain-13.3.rel1-darwin-x86_64-arm-none-eabi/bin/../lib/gcc/arm-none-eabi/13.3.1/../../../../arm-none-eabi/lib/thumb/v7e-m+fp/hard/libc_nano.a(libc_a-stdio.o)
 .ARM.attributes
                0x00000000       0x34 /usr/local/share/arm-gnu-toolchain-13.3.rel1-darwin-x86_64-arm-none-eabi/bin/../lib/gcc/arm-none-eabi/13.3.1/../../../../arm-none-eabi/lib/thumb/v7e-m+fp/hard/libc_nano.a(libc_a-stdio.o)
 .text          0x00000000        0x0 /usr/local/share/arm-gnu-toolchain-13.3.rel1-darwin-x86_64-arm-none-eabi/bin/../lib/gcc/arm-none-eabi/13.3.1/../../../../arm-none-eabi/lib/thumb/v7e-m+fp/hard/libc_nano.a(libc_a-lseekr.o)
 .data          0x00000000        0x0 /usr/local/share/arm-gnu-toolchain-13.3.rel1-darwin-x86_64-arm-none-eabi/bin/../lib/gcc/arm-none-eabi/13.3.1/../../../../arm-none-eabi/lib/thumb/v7e-m+fp/hard/libc_nano.a(libc_a-lseekr.o)
 .bss           0x00000000        0x0 /usr/local/share/arm-gnu-toolchain-13.3.rel1-darwin-x86_64-arm-none-eabi/bin/../lib/gcc/arm-none-eabi/13.3.1/../../../../arm-none-eabi/lib/thumb/v7e-m+fp/hard/libc_nano.a(libc_a-lseekr.o)
 .text._lseek_r
                0x00000000       0x24 /usr/local/share/arm-gnu-toolchain-13.3.rel1-darwin-x86_64-arm-none-eabi/bin/../lib/gcc/arm-none-eabi/13.3.1/../../../../arm-none-eabi/lib/thumb/v7e-m+fp/hard/libc_nano.a(libc_a-lseekr.o)
 .debug_frame   0x00000000       0x2c /usr/local/share/arm-gnu-toolchain-13.3.rel1-darwin-x86_64-arm-none-eabi/bin/../lib/gcc/arm-none-eabi/13.3.1/../../../../arm-none-eabi/lib/thumb/v7e-m+fp/hard/libc_nano.a(libc_a-lseekr.o)
 .ARM.attributes
                0x00000000       0x34 /usr/local/share/arm-gnu-toolchain-13.3.rel1-darwin-x86_64-arm-none-eabi/bin/../lib/gcc/arm-none-eabi/13.3.1/../../../../arm-none-eabi/lib/thumb/v7e-m+fp/hard/libc_nano.a(libc_a-lseekr.o)
 .text          0x00000000        0x0 /usr/local/share/arm-gnu-toolchain-13.3.rel1-darwin-x86_64-arm-none-eabi/bin/../lib/gcc/arm-none-eabi/13.3.1/../../../../arm-none-eabi/lib/thumb/v7e-m+fp/hard/libc_nano.a(libc_a-readr.o)
 .data          0x00000000        0x0 /usr/local/share/arm-gnu-toolchain-13.3.rel1-darwin-x86_64-arm-none-eabi/bin/../lib/gcc/arm-none-eabi/13.3.1/../../../../arm-none-eabi/lib/thumb/v7e-m+fp/hard/libc_nano.a(libc_a-readr.o)
 .bss           0x00000000        0x0 /usr/local/share/arm-gnu-toolchain-13.3.rel1-darwin-x86_64-arm-none-eabi/bin/../lib/gcc/arm-none-eabi/13.3.1/../../../../arm-none-eabi/lib/thumb/v7e-m+fp/hard/libc_nano.a(libc_a-readr.o)
 .text._read_r  0x00000000       0x24 /usr/local/share/arm-gnu-toolchain-13.3.rel1-darwin-x86_64-arm-none-eabi/bin/../lib/gcc/arm-none-eabi/13.3.1/../../../../arm-none-eabi/lib/thumb/v7e-m+fp/hard/libc_nano.a(libc_a-readr.o)
 .debug_frame   0x00000000       0x2c /usr/local/share/arm-gnu-toolchain-13.3.rel1-darwin-x86_64-arm-none-eabi/bin/../lib/gcc/arm-none-eabi/13.3.1/../../../../arm-none-eabi/lib/thumb/v7e-m+fp/hard/libc_nano.a(libc_a-readr.o)
 .ARM.attributes
                0x00000000       0x34 /usr/local/share/arm-gnu-toolchain-13.3.rel1-darwin-x86_64-arm-none-eabi/bin/../lib/gcc/arm-none-eabi/13.3.1/../../../../arm-none-eabi/lib/thumb/v7e-m+fp/hard/libc_nano.a(libc_a-readr.o)
 .text          0x00000000        0x0 /usr/local/share/arm-gnu-toolchain-13.3.rel1-darwin-x86_64-arm-none-eabi/bin/../lib/gcc/arm-none-eabi/13.3.1/../../../../arm-none-eabi/lib/thumb/v7e-m+fp/hard/libc_nano.a(libc_a-sbrkr.o)
 .data          0x00000000        0x0 /usr/local/share/arm-gnu-toolchain-13.3.rel1-darwin-x86_64-arm-none-eabi/bin/../lib/gcc/arm-none-eabi/13.3.1/../../../../arm-none-eabi/lib/thumb/v7e-m+fp/hard/libc_nano.a(libc_a-sbrkr.o)
 .bss           0x00000000        0x0 /usr/local/share/arm-gnu-toolchain-13.3.rel1-darwin-x86_64-arm-none-eabi/bin/../lib/gcc/arm-none-eabi/13.3.1/../../../../arm-none-eabi/lib/thumb/v7e-m+fp/hard/libc_nano.a(libc_a-sbrkr.o)
 .text._sbrk_r  0x00000000       0x20 /usr/local/share/arm-gnu-toolchain-13.3.rel1-darwin-x86_64-arm-none-eabi/bin/../lib/gcc/arm-none-eabi/13.3.1/../../../../arm-none-eabi/lib/thumb/v7e-m+fp/hard/libc_nano.a(libc_a-sbrkr.o)
 .debug_frame   0x00000000       0x2c /usr/local/share/arm-gnu-toolchain-13.3.rel1-darwin-x86_64-arm-none-eabi/bin/../lib/gcc/arm-none-eabi/13.3.1/../../../../arm-none-eabi/lib/thumb/v7e-m+fp/hard/libc_nano.a(libc_a-sbrkr.o)
 .ARM.attributes
                0x00000000       0x34 /usr/local/share/arm-gnu-toolchain-13.3.rel1-darwin-x86_64-arm-none-eabi/bin/../lib/gcc/arm-none-eabi/13.3.1/../../../../arm-none-eabi/lib/thumb/v7e-m+fp/hard/libc_nano.a(libc_a-sbrkr.o)
 .text          0x00000000        0x0 /usr/local/share/arm-gnu-toolchain-13.3.rel1-darwin-x86_64-arm-none-eabi/bin/../lib/gcc/arm-none-eabi/13.3.1/../../../../arm-none-eabi/lib/thumb/v7e-m+fp/hard/libc_nano.a(libc_a-writer.o)
 .data          0x00000000        0x0 /usr/local/share/arm-gnu-toolchain-13.3.rel1-darwin-x86_64-arm-none-eabi/bin/../lib/gcc/arm-none-eabi/13.3.1/../../../../arm-none-eabi/lib/thumb/v7e-m+fp/hard/libc_nano.a(libc_a-writer.o)
 .bss           0x00000000        0x0 /usr/local/share/arm-gnu-toolchain-13.3.rel1-darwin-x86_64-arm-none-eabi/bin/../lib/gcc/arm-none-eabi/13.3.1/../../../../arm-none-eabi/lib/thumb/v7e-m+fp/hard/libc_nano.a(libc_a-writer.o)
 .text._write_r
                0x00000000       0x24 /usr/local/share/arm-gnu-toolchain-13.3.rel1-darwin-x86_64-arm-none-eabi/bin/../lib/gcc/arm-none-eabi/13.3.1/../../../../arm-none-eabi/lib/thumb/v7e-m+fp/hard/libc_nano.a(libc_a-writer.o)
 .debug_frame   0x00000000       0x2c /usr/local/share/arm-gnu-toolchain-13.3.rel1-darwin-x86_64-arm-none-eabi/bin/../lib/gcc/arm-none-eabi/13.3.1/../../../../arm-none-eabi/lib/thumb/v7e-m+fp/hard/libc_nano.a(libc_a-writer.o)
 .ARM.attributes
                0x00000000       0x34 /usr/local/share/arm-gnu-toolchain-13.3.rel1-darwin-x86_64-arm-none-eabi/bin/../lib/gcc/arm-none-eabi/13.3.1/../../../../arm-none-eabi/lib/thumb/v7e-m+fp/hard/libc_nano.a(libc_a-writer.o)
 .text          0x00000000        0x0 /usr/local/share/arm-gnu-toolchain-13.3.rel1-darwin-x86_64-arm-none-eabi/bin/../lib/gcc/arm-none-eabi/13.3.1/../../../../arm-none-eabi/lib/thumb/v7e-m+fp/hard/libc_nano.a(libc_a-closer.o)
 .data          0x00000000        0x0 /usr/local/share/arm-gnu-toolchain-13.3.rel1-darwin-x86_64-arm-none-eabi/bin/../lib/gcc/arm-none-eabi/13.3.1/../../../../arm-none-eabi/lib/thumb/v7e-m+fp/hard/libc_nano.a(libc_a-closer.o)
 .bss           0x00000000        0x0 /usr/local/share/arm-gnu-toolchain-13.3.rel1-darwin-x86_64-arm-none-eabi/bin/../lib/gcc/arm-none-eabi/13.3.1/../../../../arm-none-eabi/lib/thumb/v7e-m+fp/hard/libc_nano.a(libc_a-closer.o)
 .text._close_r
                0x00000000       0x20 /usr/local/share/arm-gnu-toolchain-13.3.rel1-darwin-x86_64-arm-none-eabi/bin/../lib/gcc/arm-none-eabi/13.3.1/../../../../arm-none-eabi/lib/thumb/v7e-m+fp/hard/libc_nano.a(libc_a-closer.o)
 .debug_frame   0x00000000       0x2c /usr/local/share/arm-gnu-toolchain-13.3.rel1-darwin-x86_64-arm-none-eabi/bin/../lib/gcc/arm-none-eabi/13.3.1/../../../../arm-none-eabi/lib/thumb/v7e-m+fp/hard/libc_nano.a(libc_a-closer.o)
 .ARM.attributes
                0x00000000       0x34 /usr/local/share/arm-gnu-toolchain-13.3.rel1-darwin-x86_64-arm-none-eabi/bin/../lib/gcc/arm-none-eabi/13.3.1/../../../../arm-none-eabi/lib/thumb/v7e-m+fp/hard/libc_nano.a(libc_a-closer.o)
 .text          0x00000000        0x0 /usr/local/share/arm-gnu-toolchain-13.3.rel1-darwin-x86_64-arm-none-eabi/bin/../lib/gcc/arm-none-eabi/13.3.1/../../../../arm-none-eabi/lib/thumb/v7e-m+fp/hard/libc_nano.a(libc_a-reent.o)
 .data          0x00000000        0x0 /usr/local/share/arm-gnu-toolchain-13.3.rel1-darwin-x86_64-arm-none-eabi/bin/../lib/gcc/arm-none-eabi/13.3.1/../../../../arm-none-eabi/lib/thumb/v7e-m+fp/hard/libc_nano.a(libc_a-reent.o)
 .bss           0x00000000        0x0 /usr/local/share/arm-gnu-toolchain-13.3.rel1-darwin-x86_64-arm-none-eabi/bin/../lib/gcc/arm-none-eabi/13.3.1/../../../../arm-none-eabi/lib/thumb/v7e-m+fp/hard/libc_nano.a(libc_a-reent.o)
 .text._reclaim_reent
                0x00000000       0xbc /usr/local/share/arm-gnu-toolchain-13.3.rel1-darwin-x86_64-arm-none-eabi/bin/../lib/gcc/arm-none-eabi/13.3.1/../../../../arm-none-eabi/lib/thumb/v7e-m+fp/hard/libc_nano.a(libc_a-reent.o)
 .bss.errno     0x00000000        0x4 /usr/local/share/arm-gnu-toolchain-13.3.rel1-darwin-x86_64-arm-none-eabi/bin/../lib/gcc/arm-none-eabi/13.3.1/../../../../arm-none-eabi/lib/thumb/v7e-m+fp/hard/libc_nano.a(libc_a-reent.o)
 .debug_frame   0x00000000       0x38 /usr/local/share/arm-gnu-toolchain-13.3.rel1-darwin-x86_64-arm-none-eabi/bin/../lib/gcc/arm-none-eabi/13.3.1/../../../../arm-none-eabi/lib/thumb/v7e-m+fp/hard/libc_nano.a(libc_a-reent.o)
 .ARM.attributes
                0x00000000       0x34 /usr/local/share/arm-gnu-toolchain-13.3.rel1-darwin-x86_64-arm-none-eabi/bin/../lib/gcc/arm-none-eabi/13.3.1/../../../../arm-none-eabi/lib/thumb/v7e-m+fp/hard/libc_nano.a(libc_a-reent.o)
 .text          0x00000000        0x0 /usr/local/share/arm-gnu-toolchain-13.3.rel1-darwin-x86_64-arm-none-eabi/bin/../lib/gcc/arm-none-eabi/13.3.1/../../../../arm-none-eabi/lib/thumb/v7e-m+fp/hard/libc_nano.a(libc_a-freer.o)
 .data          0x00000000        0x0 /usr/local/share/arm-gnu-toolchain-13.3.rel1-darwin-x86_64-arm-none-eabi/bin/../lib/gcc/arm-none-eabi/13.3.1/../../../../arm-none-eabi/lib/thumb/v7e-m+fp/hard/libc_nano.a(libc_a-freer.o)
 .bss           0x00000000        0x0 /usr/local/share/arm-gnu-toolchain-13.3.rel1-darwin-x86_64-arm-none-eabi/bin/../lib/gcc/arm-none-eabi/13.3.1/../../../../arm-none-eabi/lib/thumb/v7e-m+fp/hard/libc_nano.a(libc_a-freer.o)
 .text._free_r  0x00000000       0x94 /usr/local/share/arm-gnu-toolchain-13.3.rel1-darwin-x86_64-arm-none-eabi/bin/../lib/gcc/arm-none-eabi/13.3.1/../../../../arm-none-eabi/lib/thumb/v7e-m+fp/hard/libc_nano.a(libc_a-freer.o)
 .debug_frame   0x00000000       0x38 /usr/local/share/arm-gnu-toolchain-13.3.rel1-darwin-x86_64-arm-none-eabi/bin/../lib/gcc/arm-none-eabi/13.3.1/../../../../arm-none-eabi/lib/thumb/v7e-m+fp/hard/libc_nano.a(libc_a-freer.o)
 .ARM.attributes
                0x00000000       0x34 /usr/local/share/arm-gnu-toolchain-13.3.rel1-darwin-x86_64-arm-none-eabi/bin/../lib/gcc/arm-none-eabi/13.3.1/../../../../arm-none-eabi/lib/thumb/v7e-m+fp/hard/libc_nano.a(libc_a-freer.o)
 .text          0x00000000        0x0 /usr/local/share/arm-gnu-toolchain-13.3.rel1-darwin-x86_64-arm-none-eabi/bin/../lib/gcc/arm-none-eabi/13.3.1/../../../../arm-none-eabi/lib/thumb/v7e-m+fp/hard/libnosys.a(sbrk.o)
 .data          0x00000000        0x0 /usr/local/share/arm-gnu-toolchain-13.3.rel1-darwin-x86_64-arm-none-eabi/bin/../lib/gcc/arm-none-eabi/13.3.1/../../../../arm-none-eabi/lib/thumb/v7e-m+fp/hard/libnosys.a(sbrk.o)
 .bss           0x00000000        0x0 /usr/local/share/arm-gnu-toolchain-13.3.rel1-darwin-x86_64-arm-none-eabi/bin/../lib/gcc/arm-none-eabi/13.3.1/../../../../arm-none-eabi/lib/thumb/v7e-m+fp/hard/libnosys.a(sbrk.o)
 .text._sbrk    0x00000000       0x1c /usr/local/share/arm-gnu-toolchain-13.3.rel1-darwin-x86_64-arm-none-eabi/bin/../lib/gcc/arm-none-eabi/13.3.1/../../../../arm-none-eabi/lib/thumb/v7e-m+fp/hard/libnosys.a(sbrk.o)
 .bss.heap_end.0
                0x00000000        0x4 /usr/local/share/arm-gnu-toolchain-13.3.rel1-darwin-x86_64-arm-none-eabi/bin/../lib/gcc/arm-none-eabi/13.3.1/../../../../arm-none-eabi/lib/thumb/v7e-m+fp/hard/libnosys.a(sbrk.o)
 .debug_frame   0x00000000       0x20 /usr/local/share/arm-gnu-toolchain-13.3.rel1-darwin-x86_64-arm-none-eabi/bin/../lib/gcc/arm-none-eabi/13.3.1/../../../../arm-none-eabi/lib/thumb/v7e-m+fp/hard/libnosys.a(sbrk.o)
 .ARM.attributes
                0x00000000       0x34 /usr/local/share/arm-gnu-toolchain-13.3.rel1-darwin-x86_64-arm-none-eabi/bin/../lib/gcc/arm-none-eabi/13.3.1/../../../../arm-none-eabi/lib/thumb/v7e-m+fp/hard/libnosys.a(sbrk.o)
 .text          0x00000000        0x0 /usr/local/share/arm-gnu-toolchain-13.3.rel1-darwin-x86_64-arm-none-eabi/bin/../lib/gcc/arm-none-eabi/13.3.1/../../../../arm-none-eabi/lib/thumb/v7e-m+fp/hard/libnosys.a(_exit.o)
 .data          0x00000000        0x0 /usr/local/share/arm-gnu-toolchain-13.3.rel1-darwin-x86_64-arm-none-eabi/bin/../lib/gcc/arm-none-eabi/13.3.1/../../../../arm-none-eabi/lib/thumb/v7e-m+fp/hard/libnosys.a(_exit.o)
 .bss           0x00000000        0x0 /usr/local/share/arm-gnu-toolchain-13.3.rel1-darwin-x86_64-arm-none-eabi/bin/../lib/gcc/arm-none-eabi/13.3.1/../../../../arm-none-eabi/lib/thumb/v7e-m+fp/hard/libnosys.a(_exit.o)
 .text._exit    0x00000000        0x4 /usr/local/share/arm-gnu-toolchain-13.3.rel1-darwin-x86_64-arm-none-eabi/bin/../lib/gcc/arm-none-eabi/13.3.1/../../../../arm-none-eabi/lib/thumb/v7e-m+fp/hard/libnosys.a(_exit.o)
 .debug_frame   0x00000000       0x20 /usr/local/share/arm-gnu-toolchain-13.3.rel1-darwin-x86_64-arm-none-eabi/bin/../lib/gcc/arm-none-eabi/13.3.1/../../../../arm-none-eabi/lib/thumb/v7e-m+fp/hard/libnosys.a(_exit.o)
 .ARM.attributes
                0x00000000       0x34 /usr/local/share/arm-gnu-toolchain-13.3.rel1-darwin-x86_64-arm-none-eabi/bin/../lib/gcc/arm-none-eabi/13.3.1/../../../../arm-none-eabi/lib/thumb/v7e-m+fp/hard/libnosys.a(_exit.o)
 .text          0x00000000        0x0 /usr/local/share/arm-gnu-toolchain-13.3.rel1-darwin-x86_64-arm-none-eabi/bin/../lib/gcc/arm-none-eabi/13.3.1/thumb/v7e-m+fp/hard/crtend.o
 .data          0x00000000        0x0 /usr/local/share/arm-gnu-toolchain-13.3.rel1-darwin-x86_64-arm-none-eabi/bin/../lib/gcc/arm-none-eabi/13.3.1/thumb/v7e-m+fp/hard/crtend.o
 .bss           0x00000000        0x0 /usr/local/share/arm-gnu-toolchain-13.3.rel1-darwin-x86_64-arm-none-eabi/bin/../lib/gcc/arm-none-eabi/13.3.1/thumb/v7e-m+fp/hard/crtend.o
 .rodata.all_implied_fbits
                0x00000000       0x24 /usr/local/share/arm-gnu-toolchain-13.3.rel1-darwin-x86_64-arm-none-eabi/bin/../lib/gcc/arm-none-eabi/13.3.1/thumb/v7e-m+fp/hard/crtend.o
 .eh_frame      0x00000000        0x4 /usr/local/share/arm-gnu-toolchain-13.3.rel1-darwin-x86_64-arm-none-eabi/bin/../lib/gcc/arm-none-eabi/13.3.1/thumb/v7e-m+fp/hard/crtend.o
 .tm_clone_table
                0x00000000        0x0 /usr/local/share/arm-gnu-toolchain-13.3.rel1-darwin-x86_64-arm-none-eabi/bin/../lib/gcc/arm-none-eabi/13.3.1/thumb/v7e-m+fp/hard/crtend.o
 .ARM.attributes
                0x00000000       0x34 /usr/local/share/arm-gnu-toolchain-13.3.rel1-darwin-x86_64-arm-none-eabi/bin/../lib/gcc/arm-none-eabi/13.3.1/thumb/v7e-m+fp/hard/crtend.o
 .text          0x00000000        0x0 /usr/local/share/arm-gnu-toolchain-13.3.rel1-darwin-x86_64-arm-none-eabi/bin/../lib/gcc/arm-none-eabi/13.3.1/thumb/v7e-m+fp/hard/crtn.o
 .data          0x00000000        0x0 /usr/local/share/arm-gnu-toolchain-13.3.rel1-darwin-x86_64-arm-none-eabi/bin/../lib/gcc/arm-none-eabi/13.3.1/thumb/v7e-m+fp/hard/crtn.o
 .bss           0x00000000        0x0 /usr/local/share/arm-gnu-toolchain-13.3.rel1-darwin-x86_64-arm-none-eabi/bin/../lib/gcc/arm-none-eabi/13.3.1/thumb/v7e-m+fp/hard/crtn.o
 .init          0x00000000        0x8 /usr/local/share/arm-gnu-toolchain-13.3.rel1-darwin-x86_64-arm-none-eabi/bin/../lib/gcc/arm-none-eabi/13.3.1/thumb/v7e-m+fp/hard/crtn.o
 .fini          0x00000000        0x8 /usr/local/share/arm-gnu-toolchain-13.3.rel1-darwin-x86_64-arm-none-eabi/bin/../lib/gcc/arm-none-eabi/13.3.1/thumb/v7e-m+fp/hard/crtn.o
 .ARM.attributes
                0x00000000       0x22 /usr/local/share/arm-gnu-toolchain-13.3.rel1-darwin-x86_64-arm-none-eabi/bin/../lib/gcc/arm-none-eabi/13.3.1/thumb/v7e-m+fp/hard/crtn.o

Memory Configuration

Name             Origin             Length             Attributes
FLASH            0x00000000         0x00040000         xr
SRAM             0x20000000         0x00008000         xrw
*default*        0x00000000         0xffffffff

Linker script and memory map

LOAD /usr/local/share/arm-gnu-toolchain-13.3.rel1-darwin-x86_64-arm-none-eabi/bin/../lib/gcc/arm-none-eabi/13.3.1/thumb/v7e-m+fp/hard/crti.o
LOAD /usr/local/share/arm-gnu-toolchain-13.3.rel1-darwin-x86_64-arm-none-eabi/bin/../lib/gcc/arm-none-eabi/13.3.1/thumb/v7e-m+fp/hard/crtbegin.o
LOAD /usr/local/share/arm-gnu-toolchain-13.3.rel1-darwin-x86_64-arm-none-eabi/bin/../lib/gcc/arm-none-eabi/13.3.1/../../../../arm-none-eabi/lib/thumb/v7e-m+fp/hard/crt0.o

.text           0x00000000     0x1078
                0x00000000                        _text = .
 *(.isr_vector)
 .isr_vector    0x00000000      0x26c startup.o
                0x00000000                g_pfnVectors
 *(.text*)
 .text.main     0x0000026c       0x84 main.o
                0x0000026c                main
 .text.PortFInit
                0x000002f0       0x90 main.o
                0x000002f0                PortFInit
 .text.Delay1ms
                0x00000380       0x38 main.o
                0x00000380                Delay1ms
 .text.WaitForSWLow
                0x000003b8       0x24 sequence.o
                0x000003b8                WaitForSWLow
 .text.WaitForSWHigh
                0x000003dc       0x24 sequence.o
                0x000003dc                WaitForSWHigh
 .text.SetRed   0x00000400       0x1a sequence.o
                0x00000400                SetRed
 .text.ClearRed
                0x0000041a       0x1a sequence.o
                0x0000041a                ClearRed
 .text.SetGreen
                0x00000434       0x1a sequence.o
                0x00000434                SetGreen
 .text.ClearGreen
                0x0000044e       0x1a sequence.o
                0x0000044e                ClearGreen
 .text.ResetISR
                0x00000468       0x6c startup.o
                0x00000468                ResetISR
 .text.NmiSR    0x000004d4        0x8 startup.o
 .text.FaultISR
                0x000004dc        0x8 startup.o
 .text.IntDefaultHandler
                0x000004e4        0x8 startup.o
 .text.UARTStdioConfig
                0x000004ec       0x98 uartstdio.o
                0x000004ec                UARTStdioConfig
 .text.UARTwrite
                0x00000584       0x68 uartstdio.o
                0x00000584                UARTwrite
 .text.UARTvprintf
                0x000005ec      0x3e8 uartstdio.o
                0x000005ec                UARTvprintf
 .text.UARTprintf
                0x000009d4       0x24 uartstdio.o
                0x000009d4                UARTprintf
 .text.Timer0IntHandler
                0x000009f8       0x24 verify.o
                0x000009f8                Timer0IntHandler
 .text.Timer1IntHandler
                0x00000a1c       0x6c verify.o
                0x00000a1c                Timer1IntHandler
 .text.StudentCodeAssessment
                0x00000a88      0x130 verify.o
                0x00000a88                StudentCodeAssessment
 .text.GPIOFIntHandler
                0x00000bb8       0x24 verify.o
                0x00000bb8                GPIOFIntHandler
 .text.ConfigureInt
                0x00000bdc       0x40 verify.o
                0x00000bdc                ConfigureInt
 .text.ConfigureTimers
                0x00000c1c       0xa0 verify.o
                0x00000c1c                ConfigureTimers
 .text.ConfigureUART
                0x00000cbc       0x5c verify.o
                0x00000cbc                ConfigureUART
 .text.VerifyReg
                0x00000d18       0x20 verify.o
                0x00000d18                VerifyReg
 .text.VerifyPortFInit
                0x00000d38       0xc8 verify.o
                0x00000d38                VerifyPortFInit
 .text.BESGrader
                0x00000e00       0x16 verify.o
                0x00000e00                BESGrader
 .text.GPIOIntEnable
                0x00000e16        0xc ../ti//libdriver.a(gpio.o)
                0x00000e16                GPIOIntEnable
 .text.GPIOIntStatus
                0x00000e22        0xe ../ti//libdriver.a(gpio.o)
                0x00000e22                GPIOIntStatus
 .text.GPIOIntClear
                0x00000e30        0x6 ../ti//libdriver.a(gpio.o)
                0x00000e30                GPIOIntClear
 .text.UARTClockSourceSet
                0x00000e36        0x6 ../ti//libdriver.a(uart.o)
                0x00000e36                UARTClockSourceSet
 *(.rodata*)
 .rodata        0x00000e3c       0x26 uartstdio.o
 *fill*         0x00000e62        0x2 
 .rodata.g_ui32UARTBase
                0x00000e64        0xc uartstdio.o
 .rodata.g_ui32UARTPeriph
                0x00000e70        0xc uartstdio.o
 .rodata.Timer1IntHandler.str1.1
                0x00000e7c      0x1ea verify.o
                                 0x55 (size before relaxing)
 .rodata.StudentCodeAssessment.str1.1
                0x00001066       0xa7 verify.o
 .rodata.VerifyReg.str1.1
                0x00001066       0x30 verify.o
 .rodata.VerifyPortFInit.str1.1
                0x00001066       0xbe verify.o
 *fill*         0x00001066        0x2 
 .rodata.state  0x00001068       0x10 verify.o
                0x00001068                state
                0x00001078                        _etext = .

.glue_7         0x00001078        0x0
 .glue_7        0x00001078        0x0 linker stubs

.glue_7t        0x00001078        0x0
 .glue_7t       0x00001078        0x0 linker stubs

.vfp11_veneer   0x00001078        0x0
 .vfp11_veneer  0x00001078        0x0 linker stubs

.v4_bx          0x00001078        0x0
 .v4_bx         0x00001078        0x0 linker stubs

.init           0x00001078        0x4
 .init          0x00001078        0x4 /usr/local/share/arm-gnu-toolchain-13.3.rel1-darwin-x86_64-arm-none-eabi/bin/../lib/gcc/arm-none-eabi/13.3.1/thumb/v7e-m+fp/hard/crti.o
                0x00001078                _init

.fini           0x0000107c        0x4
 .fini          0x0000107c        0x4 /usr/local/share/arm-gnu-toolchain-13.3.rel1-darwin-x86_64-arm-none-eabi/bin/../lib/gcc/arm-none-eabi/13.3.1/thumb/v7e-m+fp/hard/crti.o
                0x0000107c                _fini

.iplt           0x00001080        0x0
 .iplt          0x00001080        0x0 main.o

.rel.dyn        0x00001080        0x0
 .rel.iplt      0x00001080        0x0 main.o

.ARM.exidx
 *(.ARM.exidx*)
 *(.gnu.linkonce.armexidx.*)

.data           0x20000000        0x0 load address 0x00001080
                0x20000000                        _data = .
                0x00001080                        _ldata = LOADADDR (.data)
 *(vtable)
 *(.data*)
                0x20000000                        _edata = .

.igot.plt       0x20000000        0x0 load address 0x00001080
 .igot.plt      0x20000000        0x0 main.o

.bss            0x20000000      0x219 load address 0x00001080
                0x20000000                        _bss = .
 *(.bss*)
 .bss.pui32Stack
                0x20000000      0x200 startup.o
 .bss.g_ui32Base
                0x20000200        0x4 uartstdio.o
 .bss.score     0x20000204        0x4 verify.o
                0x20000204                score
 .bss.delay_counter
                0x20000208        0x4 verify.o
                0x20000208                delay_counter
 .bss.last_current
                0x2000020c        0x4 verify.o
                0x2000020c                last_current
 .bss.current   0x20000210        0x4 verify.o
                0x20000210                current
 .bss.blocking_scored_2
                0x20000214        0x1 verify.o
                0x20000214                blocking_scored_2
 .bss.blocking_scored_1
                0x20000215        0x1 verify.o
                0x20000215                blocking_scored_1
 .bss.sequence_scored
                0x20000216        0x1 verify.o
                0x20000216                sequence_scored
 .bss.delay_scored
                0x20000217        0x1 verify.o
                0x20000217                delay_scored
 .bss.allow_delay_counter
                0x20000218        0x1 verify.o
                0x20000218                allow_delay_counter
 *(COMMON)
                0x20000219                        _ebss = .
LOAD main.o
LOAD sequence.o
LOAD startup.o
LOAD uartstdio.o
LOAD syscalls.o
LOAD verify.o
LOAD ../ti//libdriver.a
LOAD /usr/local/share/arm-gnu-toolchain-13.3.rel1-darwin-x86_64-arm-none-eabi/bin/../lib/gcc/arm-none-eabi/13.3.1/thumb/v7e-m+fp/hard/libgcc.a
LOAD /usr/local/share/arm-gnu-toolchain-13.3.rel1-darwin-x86_64-arm-none-eabi/bin/../lib/gcc/arm-none-eabi/13.3.1/../../../../arm-none-eabi/lib/thumb/v7e-m+fp/hard/libc_nano.a
LOAD /usr/local/share/arm-gnu-toolchain-13.3.rel1-darwin-x86_64-arm-none-eabi/bin/../lib/gcc/arm-none-eabi/13.3.1/../../../../arm-none-eabi/lib/thumb/v7e-m+fp/hard/libm.a
START GROUP
LOAD /usr/local/share/arm-gnu-toolchain-13.3.rel1-darwin-x86_64-arm-none-eabi/bin/../lib/gcc/arm-none-eabi/13.3.1/thumb/v7e-m+fp/hard/libgcc.a
LOAD /usr/local/share/arm-gnu-toolchain-13.3.rel1-darwin-x86_64-arm-none-eabi/bin/../lib/gcc/arm-none-eabi/13.3.1/../../../../arm-none-eabi/lib/thumb/v7e-m+fp/hard/libc_nano.a
END GROUP
START GROUP
LOAD /usr/local/share/arm-gnu-toolchain-13.3.rel1-darwin-x86_64-arm-none-eabi/bin/../lib/gcc/arm-none-eabi/13.3.1/thumb/v7e-m+fp/hard/libgcc.a
LOAD /usr/local/share/arm-gnu-toolchain-13.3.rel1-darwin-x86_64-arm-none-eabi/bin/../lib/gcc/arm-none-eabi/13.3.1/../../../../arm-none-eabi/lib/thumb/v7e-m+fp/hard/libc_nano.a
LOAD /usr/local/share/arm-gnu-toolchain-13.3.rel1-darwin-x86_64-arm-none-eabi/bin/../lib/gcc/arm-none-eabi/13.3.1/../../../../arm-none-eabi/lib/thumb/v7e-m+fp/hard/libnosys.a
END GROUP
START GROUP
LOAD /usr/local/share/arm-gnu-toolchain-13.3.rel1-darwin-x86_64-arm-none-eabi/bin/../lib/gcc/arm-none-eabi/13.3.1/thumb/v7e-m+fp/hard/libgcc.a
LOAD /usr/local/share/arm-gnu-toolchain-13.3.rel1-darwin-x86_64-arm-none-eabi/bin/../lib/gcc/arm-none-eabi/13.3.1/../../../../arm-none-eabi/lib/thumb/v7e-m+fp/hard/libc_nano.a
LOAD /usr/local/share/arm-gnu-toolchain-13.3.rel1-darwin-x86_64-arm-none-eabi/bin/../lib/gcc/arm-none-eabi/13.3.1/../../../../arm-none-eabi/lib/thumb/v7e-m+fp/hard/libnosys.a
END GROUP
LOAD /usr/local/share/arm-gnu-toolchain-13.3.rel1-darwin-x86_64-arm-none-eabi/bin/../lib/gcc/arm-none-eabi/13.3.1/thumb/v7e-m+fp/hard/crtend.o
LOAD /usr/local/share/arm-gnu-toolchain-13.3.rel1-darwin-x86_64-arm-none-eabi/bin/../lib/gcc/arm-none-eabi/13.3.1/thumb/v7e-m+fp/hard/crtn.o
OUTPUT(lab.axf elf32-littlearm)
LOAD linker stubs

.ARM.attributes
                0x00000000       0x30
 .ARM.attributes
                0x00000000       0x22 /usr/local/share/arm-gnu-toolchain-13.3.rel1-darwin-x86_64-arm-none-eabi/bin/../lib/gcc/arm-none-eabi/13.3.1/thumb/v7e-m+fp/hard/crti.o
 .ARM.attributes
                0x00000022       0x34 main.o
 .ARM.attributes
                0x00000056       0x34 sequence.o
 .ARM.attributes
                0x0000008a       0x34 startup.o
 .ARM.attributes
                0x000000be       0x34 uartstdio.o
 .ARM.attributes
                0x000000f2       0x34 verify.o
 .ARM.attributes
                0x00000126       0x3b ../ti//libdriver.a(gpio.o)
 .ARM.attributes
                0x00000161       0x3b ../ti//libdriver.a(uart.o)

.comment        0x00000000       0xfb
 .comment       0x00000000       0xfb main.o
                                 0x46 (size before relaxing)
 .comment       0x000000fb       0x46 sequence.o
 .comment       0x000000fb       0x46 startup.o
 .comment       0x000000fb       0x46 uartstdio.o
 .comment       0x000000fb       0x47 verify.o
 .comment       0x000000fb       0x71 ../ti//libdriver.a(gpio.o)
 .comment       0x000000fb       0x71 ../ti//libdriver.a(uart.o)

.debug_info     0x00000000      0x7ae
 .debug_info    0x00000000      0x172 main.o
 .debug_info    0x00000172      0x141 sequence.o
 .debug_info    0x000002b3      0x17f startup.o
 .debug_info    0x00000432      0x37c uartstdio.o

.debug_abbrev   0x00000000      0x3a4
 .debug_abbrev  0x00000000       0xe9 main.o
 .debug_abbrev  0x000000e9       0x85 sequence.o
 .debug_abbrev  0x0000016e       0xfb startup.o
 .debug_abbrev  0x00000269      0x13b uartstdio.o

.debug_aranges  0x00000000       0xf8
 .debug_aranges
                0x00000000       0x30 main.o
 .debug_aranges
                0x00000030       0x48 sequence.o
 .debug_aranges
                0x00000078       0x38 startup.o
 .debug_aranges
                0x000000b0       0x48 uartstdio.o

.debug_rnglists
                0x00000000       0xab
 .debug_rnglists
                0x00000000       0x21 main.o
 .debug_rnglists
                0x00000021       0x31 sequence.o
 .debug_rnglists
                0x00000052       0x25 startup.o
 .debug_rnglists
                0x00000077       0x34 uartstdio.o

.debug_line     0x00000000      0xa18
 .debug_line    0x00000000      0x1fb main.o
 .debug_line    0x000001fb      0x1c8 sequence.o
 .debug_line    0x000003c3      0x198 startup.o
 .debug_line    0x0000055b      0x4bd uartstdio.o

.debug_str      0x00000000      0x3e8
 .debug_str     0x00000000      0x3e8 main.o
                                0x211 (size before relaxing)
 .debug_str     0x000003e8      0x1f7 sequence.o
 .debug_str     0x000003e8      0x248 startup.o
 .debug_str     0x000003e8      0x318 uartstdio.o

.debug_frame    0x00000000      0x2f4
 .debug_frame   0x00000000       0x80 main.o
 .debug_frame   0x00000080       0xf0 sequence.o
 .debug_frame   0x00000170       0x7c startup.o
 .debug_frame   0x000001ec      0x108 uartstdio.o
